YOLO mode is enabled. All tool calls will be automatically approved.
Loaded cached credentials.
YOLO mode is enabled. All tool calls will be automatically approved.
Bash command parsing error detected for command: << 'EOF' > /workspace/extract_defs.py
import json

with open('/workspace/query1_results.json', 'r') as f:
    data = json.load(f)

lemmas = {}
for row in data:
    norm = row['headword_norm']
    if norm not in lemmas:
        lemmas[norm] = []
    lemmas[norm].append(row)

for norm, rows in lemmas.items():
    print(f"\n--- {norm} ---")
    for r in rows[:10]: # limit to 10
        print(f"[{r['name_ar']}] {r['headword']}: {r['definitions_text'][:200]}...")
        if r.get('translation_en'):
            print(f"  EN: {r['translation_en']} (Domain: {r['domain']})")

EOF Syntax Errors: [
  `Error node: "<< 'EOF' > /workspace/extract_defs.py\n` +
    'import json\n' +
    '\n' +
    "with open('/workspace/query1_results.json', 'r') as f:\n" +
    '    data = json.load(f)\n' +
    '\n' +
    'lemmas = {}\n' +
    'for row in data:\n' +
    "    norm = row['headword_norm']\n" +
    '    if norm not in lemmas:\n' +
    '        lemmas[norm] = []\n' +
    '    lemmas[norm].append(row)\n' +
    '\n' +
    'for norm, rows in lemmas.items():\n' +
    '    print(f"\\n--- {norm} ---")\n' +
    '    for r in rows[:10]: # limit to 10\n' +
    `        print(f"[{r['name_ar']}] {r['headword']}: {r['definitions_text'][:200]}...")\n` +
    "        if r.get('translation_en'):\n" +
    `            print(f"  EN: {r['translation_en']} (Domain: {r['domain']})")\n` +
    '\n' +
    'EOF" at 0:0',
  'Error node: "open" at 3:5',
  'Missing node: "" at 3:48',
  'Missing node: "" at 4:20',
  'Error node: "\n" at 7:16',
  'Error node: "\n" at 8:31',
  'Error node: "\n" at 9:26',
  'Error node: "\n" at 10:25',
  'Error node: "(" at 11:23',
  'Error node: ")\n\nfor" at 11:27',
  'Error node: "():\n    print(" at 13:30',
  'Error node: ")\n    for" at 14:29',
  'Error node: "\n        print(" at 15:37',
  'Error node: ")\n        if" at 16:83',
  'Error node: "(" at 17:16',
  'Error node: "):\n            print(" at 17:33'
]
