YOLO mode is enabled. All tool calls will be automatically approved.
Loaded cached credentials.
YOLO mode is enabled. All tool calls will be automatically approved.
Bash command parsing error detected for command: << 'EOF' > /output/awn4-10563352-n.review.yaml
stage1_review:
  assessment:
    concerns:
      - "التعريف الحالي يفتقر إلى الصياغة المعجمية الدقيقة؛ إذ يستخدم عبارة 'في عجلة من أمره' وهي أقرب إلى التعبير الحرّ منها إلى التعريف المعجمي المنضبط."
    observations: "المجموعة الترادفية تمثل الشخص الذي تغلب عليه صفة العجلة (rusher) والسرعة أو من يتصرف بتهور واندفاع (acts precipitously). في اللغة العربية، هناك ثراء كبير في هذا الحقل الدلالي عبر المشتقات المختلفة (اسم الفاعل من الثلاثي والمزيد، وصيغ المبالغة)."
  blind_candidates:
    - lemma: "مُتَسَرِّع"
      generation_method: ishtiqaq
      justification: "مشتق من الفعل 'تسرع'، وهو يدل على من يفعل الشيء بسرعة دون تروٍّ، وهو ما يطابق تماماً معنى اتخاذ مواقف متسرعة أو الاندفاع."
    - lemma: "مُسْرِع"
      generation_method: ishtiqaq
      justification: "اسم فاعل من 'أسرع'، يدل على من يتصف بالسرعة في حركته أو فعله، ويعبر عن الشخص المستعجل."
    - lemma: "عَجُول"
      generation_method: ishtiqaq
      justification: "صيغة مبالغة على وزن فَعُول من 'عَجِلَ'، تدل على كثرة العجلة وتأصلها في طبع الشخص."
    - lemma: "طَائِش"
      generation_method: ishtiqaq
      justification: "من الطيش، وهو الخفة والرعونة والتسرع، وقد تستخدم للتعبير عن الشخص المندفع في تصرفاته بلا تفكير."
stage2_evidence:
  per_lemma:
    - lemma: "مُتَعَجِّل"
      confirm:
        - text: "«من (س ر ع) المعجل المبادر، والمندفع المتعجل.»"
          source: "موسوعة السلطان قابوس لأسماء العرب"
        - text: "«إنتاج متعجِّل: عمل ينجز في وقت جدّ وجيز، غالباً ما يتميز بضعف المحتوى»"
          source: "مسرد الإعلام والتواصل (ArabTerm)"
    - lemma: "مُنْدَفِع"
      confirm:
        - text: "«المندفع المتعجل.»"
          source: "موسوعة السلطان قابوس لأسماء العرب"
        - text: "«مبالغة من نزا. يقال: إنَّه لنَزَّاء إلى الشَّر: مندفعٌ إليه»"
          source: "المعجم الوسيط"
    - lemma: "مُتَسَرِّع"
      confirm:
        - text: "«من النَّاسِ: الْمُتَرَدِّدُ لا يَقْصِدُ وَجْهًا واحِدًا, لِخِفَّةِ عَقْلِه الْمُتَسَرِّعُ الْأَهْوَجُ»"
          source: "المعجم الكبير"
    - lemma: "مُسْرِع"
      confirm:
        - text: "«من (س ر ع) المعجل المبادر، والمندفع المتعجل.»"
          source: "موسوعة السلطان قابوس لأسماء العرب"
        - text: "«السَّرِيعُ إلى خـ»"
          source: "المعجم الكبير"
    - lemma: "عَجُول"
      confirm:
        - text: "«العَجُولُ: بالفتح، واللام في آخره، مأخوذ من العجلة ضدّ البطء»"
          source: "معجم البلدان لياقوت الحموي"
    - lemma: "طَائِش"
      confirm:
        - text: "«الطائش: الأهوج وَالَّذِي لَا يُصِيب إِذا رمى»"
          source: "المعجم الوسيط"
      contradicts:
        - text: "«الْمُخْطِئُ السَّرِيعُ الاِنْهِزامِ»"
          source: "المعجم الكبير"
          conflict: "دلالة الطيش تميل إلى الرعونة وانعدام الإصابة والخطأ في التقدير أكثر من مجرد الاستعجال والسرعة."
stage3_analysis:
  per_lemma:
    - lemma: "مُتَعَجِّل"
      decision: confirmed
      decision_reason: "اسم فاعل فصيح ومباشر للدلالة على من يتعجل ويطلب السرعة في أفعاله، ويطابق المفهوم تماماً."
      evidence_assessment:
        case: confirm_only
      mwe_check:
        is_mwe: false
    - lemma: "مُنْدَفِع"
      decision: confirmed
      decision_reason: "تعبر بدقة عن الشق الآخر من المفهوم (acts precipitously) والذي يدل على التصرف السريع دون تروٍّ."
      evidence_assessment:
        case: confirm_only
      mwe_check:
        is_mwe: false
    - lemma: "مُتَسَرِّع"
      source: stage1
      decision: confirmed
      decision_reason: "مرادف دقيق لـ 'مندفع' و 'متعجل'، ويركز على اتخاذ القرارات أو الأفعال قبل أوانها وهو شائع الاستخدام."
      evidence_assessment:
        case: confirm_only
      mwe_check:
        is_mwe: false
      actions:
        - command: create_entry
          params:
            lemma: "مُتَسَرِّع"
            pos: n
        - command: add_sense
          params:
            entry_id: "{auto}"
            synset_id: "{synset_id}"
    - lemma: "مُسْرِع"
      source: stage1
      decision: confirmed
      decision_reason: "اسم الفاعل من أسرع، وهو يعبر بدقة عن الشخص الذي يمضي بسرعة حركية أو بدنية أو يبادر للفعل (someone in a hurry)."
      evidence_assessment:
        case: confirm_only
      mwe_check:
        is_mwe: false
      actions:
        - command: create_entry
          params:
            lemma: "مُسْرِع"
            pos: n
        - command: add_sense
          params:
            entry_id: "{auto}"
            synset_id: "{synset_id}"
    - lemma: "عَجُول"
      source: stage1
      decision: confirmed
      decision_reason: "صيغة مبالغة فصيحة وشائعة (كقوله تعالى: وكان الإنسان عجولا) للتعبير عن الشخص المطبوع على العجلة."
      evidence_assessment:
        case: confirm_only
      mwe_check:
        is_mwe: false
      actions:
        - command: create_entry
          params:
            lemma: "عَجُول"
            pos: n
        - command: add_sense
          params:
            entry_id: "{auto}"
            synset_id: "{synset_id}"
    - lemma: "طَائِش"
      source: stage1
      decision: removed
      decision_reason: "الطيش يدل أكثر على الرعونة وانعدام الهدف وخفة العقل (reckless)، وهذا يختلف قليلاً عن الدلالة المقصودة المقتصرة على العجلة والسرعة."
      evidence_assessment:
        case: mixed
stage4_content:
  definition:
    current: "شخص يستعجل؛ شخص في عجلة من أمره"
    assessment:
      decision: revise
      reason: "التعريف الحالي صياغته أقرب للتعبير الحر وتنقصه الدقة المعجمية. ينبغي صياغته ليعكس الاستعجال، والاندفاع، واتخاذ القرارات قبل أوانها."
    authored:
      - type: terminological
        text: "شخصٌ يميلُ إلى التَّعْجِيلِ في أفعالِهِ وقراراتِهِ، أو يتصرَّفُ بُسْرعَةٍ وانْدِفاعٍ غالباً دونَ تروٍّ أو أناةٍ."
        quality_check:
          genus_present: true
          differentia_present: true
          circular: false
    actions:
      - command: update_definition
        params:
          synset_id: "{synset_id}"
          definition_index: 0
          text: "شخصٌ يميلُ إلى التَّعْجِيلِ في أفعالِهِ وقراراتِهِ، أو يتصرَّفُ بُسْرعَةٍ وانْدِفاعٍ غالباً دونَ تروٍّ أو أناةٍ."
  examples:
    per_lemma:
      - lemma: "مُتَعَجِّل"
        examples:
          - text: "كان مُتَعَجِّلاً في اتِّخاذِ قرارِهِ، مِمّا أدَّى إلى وُقوعِهِ في الخطأ."
            type: usage
      - lemma: "مُنْدَفِع"
        examples:
          - text: "يُعْرَفُ الشَّابُّ بِأنَّهُ مُنْدَفِعٌ في رُدودِ أفْعالِهِ دونَ النَّظرِ في العواقب."
            type: usage
      - lemma: "مُتَسَرِّع"
        examples:
          - text: "لا تَكُنْ مُتَسَرِّعاً في إطْلاقِ الأحْكامِ على الآخَرين."
            type: usage
      - lemma: "مُسْرِع"
        examples:
          - text: "رَأَيْتُهُ مُسْرِعاً لِلَحاقِ بِقِطارِ الصَّباح."
            type: usage
      - lemma: "عَجُول"
        examples:
          - text: "﴿وَيَدْعُ الْإِنْسَانُ بِالشَّرِّ دُعَاءَهُ بِالْخَيْرِ ۖ وَكَانَ الْإِنْسَانُ عَجُولًا﴾"
            type: quran
            source: "سورة الإسراء: 11"
    actions:
      - command: add_sense_example
        params:
          sense_id: "{auto}"
          text: "كان مُتَعَجِّلاً في اتِّخاذِ قرارِهِ، مِمّا أدَّى إلى وُقوعِهِ في الخطأ."
      - command: add_sense_example
        params:
          sense_id: "{auto}"
          text: "يُعْرَفُ الشَّابُّ بِأنَّهُ مُنْدَفِعٌ في رُدودِ أفْعالِهِ دونَ النَّظرِ في العواقب."
      - command: add_sense_example
        params:
          sense_id: "{auto}"
          text: "لا تَكُنْ مُتَسَرِّعاً في إطْلاقِ الأحْكامِ على الآخَرين."
      - command: add_sense_example
        params:
          sense_id: "{auto}"
          text: "رَأَيْتُهُ مُسْرِعاً لِلَحاقِ بِقِطارِ الصَّباح."
      - command: add_sense_example
        params:
          sense_id: "{auto}"
          text: "﴿وَيَدْعُ الْإِنْسَانُ بِالشَّرِّ دُعَاءَهُ بِالْخَيْرِ ۖ وَكَانَ الْإِنْسَانُ عَجُولًا﴾"
stage5_enrichment:
  per_entry:
    - lemma: "مُتَعَجِّل"
      entry_id: "{auto}"
      root: "عجل"
      maqayis_quote: "«الْعَيْنُ وَالْجِيمُ وَاللَّامُ أَصْلَانِ صَحِيحَانِ، يَدُلُّ أَحَدُهُمَا عَلَى الْإِسْرَاعِ، وَالْآخَرُ عَلَى بَعْضِ الْحَيَوَانِ.»"
    - lemma: "مُنْدَفِع"
      entry_id: "{auto}"
      root: "دفع"
      maqayis_quote: "«الدَّالُ وَالْفَاءُ وَالْعَيْنُ أَصْلٌ وَاحِدٌ مَشْهُورٌ، يَدُلُّ عَلَى تَنْحِيَةِ الشَّيْءِ.»"
    - lemma: "مُتَسَرِّع"
      entry_id: "{auto}"
      root: "سرع"
      maqayis_quote: "«السِّينُ وَالرَّاءُ وَالْعَيْنُ أَصْلٌ صَحِيحٌ يَدُلُّ عَلَى خِلَافِ الْبُطْءِ.»"
    - lemma: "مُسْرِع"
      entry_id: "{auto}"
      root: "سرع"
      maqayis_quote: "«السِّينُ وَالرَّاءُ وَالْعَيْنُ أَصْلٌ صَحِيحٌ يَدُلُّ عَلَى خِلَافِ الْبُطْءِ.»"
    - lemma: "عَجُول"
      entry_id: "{auto}"
      root: "عجل"
      maqayis_quote: "«الْعَيْنُ وَالْجِيمُ وَاللَّامُ أَصْلَانِ صَحِيحَانِ، يَدُلُّ أَحَدُهُمَا عَلَى الْإِسْرَاعِ، وَالْآخَرُ عَلَى بَعْضِ الْحَيَوَانِ.»"
  per_sense:
    - lemma: "مُتَعَجِّل"
      sense_id: "{auto}"
      nuance: "يركز على طلب التعجيل وإرادة السرعة في إنجاز الأمور."
      mwe: false
    - lemma: "مُنْدَفِع"
      sense_id: "{auto}"
      nuance: "يركز على التصرف العفوي أو السريع بقوة دون النظر الكافي في العواقب."
      mwe: false
    - lemma: "مُتَسَرِّع"
      sense_id: "{auto}"
      nuance: "يركز على اتخاذ القرارات أو القيام بالأفعال قبل أوانها أو دون تأنٍّ."
      mwe: false
    - lemma: "مُسْرِع"
      sense_id: "{auto}"
      nuance: "يركز على السرعة الحركية أو البدنية البحتة في المشي أو العمل."
      mwe: false
    - lemma: "عَجُول"
      sense_id: "{auto}"
      nuance: "صيغة مبالغة تدل على كثرة العجلة كطبع متأصل وملازم للشخص."
      mwe: false
  synset:
    cultural_fit: native
  actions:
    - command: set_metadata
      params:
        entity_type: entry
        entity_id: "{auto}"
        key: note
        value: '{"root":"عجل","maqayis":"«الْعَيْنُ وَالْجِيمُ وَاللَّامُ أَصْلَانِ صَحِيحَانِ، يَدُلُّ أَحَدُهُمَا عَلَى الْإِسْرَاعِ، وَالْآخَرُ عَلَى بَعْضِ الْحَيَوَانِ.»"}'
    - command: set_metadata
      params:
        entity_type: entry
        entity_id: "{auto}"
        key: note
        value: '{"root":"دفع","maqayis":"«الدَّالُ وَالْفَاءُ وَالْعَيْنُ أَصْلٌ وَاحِدٌ مَشْهُورٌ، يَدُلُّ عَلَى تَنْحِيَةِ الشَّيْءِ.»"}'
    - command: set_metadata
      params:
        entity_type: entry
        entity_id: "{auto}"
        key: note
        value: '{"root":"سرع","maqayis":"«السِّينُ وَالرَّاءُ وَالْعَيْنُ أَصْلٌ صَحِيحٌ يَدُلُّ عَلَى خِلَافِ الْبُطْءِ.»"}'
    - command: set_metadata
      params:
        entity_type: entry
        entity_id: "{auto}"
        key: note
        value: '{"root":"سرع","maqayis":"«السِّينُ وَالرَّاءُ وَالْعَيْنُ أَصْلٌ صَحِيحٌ يَدُلُّ عَلَى خِلَافِ الْبُطْءِ.»"}'
    - command: set_metadata
      params:
        entity_type: entry
        entity_id: "{auto}"
        key: note
        value: '{"root":"عجل","maqayis":"«الْعَيْنُ وَالْجِيمُ وَاللَّامُ أَصْلَانِ صَحِيحَانِ، يَدُلُّ أَحَدُهُمَا عَلَى الْإِسْرَاعِ، وَالْآخَرُ عَلَى بَعْضِ الْحَيَوَانِ.»"}'
    - command: set_metadata
      params:
        entity_type: sense
        entity_id: "{auto}"
        key: note
        value: '{"nuance":"يركز على طلب التعجيل وإرادة السرعة في إنجاز الأمور.","mwe":false}'
    - command: set_metadata
      params:
        entity_type: sense
        entity_id: "{auto}"
        key: note
        value: '{"nuance":"يركز على التصرف العفوي أو السريع بقوة دون النظر الكافي في العواقب.","mwe":false}'
    - command: set_metadata
      params:
        entity_type: sense
        entity_id: "{auto}"
        key: note
        value: '{"nuance":"يركز على اتخاذ القرارات أو القيام بالأفعال قبل أوانها أو دون تأنٍّ.","mwe":false}'
    - command: set_metadata
      params:
        entity_type: sense
        entity_id: "{auto}"
        key: note
        value: '{"nuance":"يركز على السرعة الحركية أو البدنية البحتة في المشي أو العمل.","mwe":false}'
    - command: set_metadata
      params:
        entity_type: sense
        entity_id: "{auto}"
        key: note
        value: '{"nuance":"صيغة مبالغة تدل على كثرة العجلة كطبع متأصل وملازم للشخص.","mwe":false}'
    - command: set_metadata
      params:
        entity_type: synset
        entity_id: "{synset_id}"
        key: note
        value: '{"cultural_fit":"native"}'
    - command: set_confidence
      params:
        entity_type: synset
        entity_id: "{synset_id}"
        score: 0.95
EOF Syntax Errors: [ 'Error node: "<" at 0:0' ]
missing pgrep output
