YOLO mode is enabled. All tool calls will be automatically approved.
Loaded cached credentials.
YOLO mode is enabled. All tool calls will be automatically approved.
Bash command parsing error detected for command: << 'EOF' > /workspace/awn4-06804229-n.review.yaml
step0_evidence:
  per_lemma:
    - lemma: "إشارة"
      confirm:
        - text: "«علامَةٌ, أو رَمْزٌ, أو حركةٌ للدلالةِ على أمرٍ ما»"
          source: "المعجم الكبير"
        - text: "«تعيين الشيء باليد ونحوها, والتلويح بشيء يفهم منه المراد»"
          source: "المعجم الوسيط"
        - text: "«أية علامة مصاحبة لكلام المتكلم تساعد على بيان المراد من كلامه.»"
          source: "مسرد الإعلام والتواصل، المنظمة العربية للتربية والثقافة والعلوم"
      expands:
        - text: "«علامة إرادية ترسل تعليمات أو معلومات وتأخذ أشكالا خطية أو سمعية أو بصرية كإشارات قانون السير.»"
          source: "مسرد الإعلام والتواصل، المنظمة العربية للتربية والثقافة والعلوم"
          addition: "التوسيع ليشمل الإشارات المنظمة والاصطلاحية"
    - lemma: "علامة"
      confirm:
        - text: "«حدث مُدرك، وبديل أشياء طبيعية أو عرفية أو اعتباطية بقيمة جملة مثل علامة الصيدلية.»"
          source: "المعجم الموحد لمصطلحات اللسانيات"
      expands:
        - text: "«الأُعْلُومة وما يُنصب فى الطريق فيهتدى به»"
          source: "المعجم الوسيط"
          addition: "الأدوات المادية التي تنقل إرشاداً أو رسالة"

step05_lemma_generation:
  evidence_candidates:
    - lemma: "إيماءة"
      source_section: "step4_fts_keyword"
      evidence_citation: "«وحدة إشارة جسدية.» — المعجم الموحد لمصطلحات اللسانيات"
      justification: "وردت في مسرد اللسانيات للدلالة على الإشارة الحركية، وهي تتطابق مع جزء من المفهوم الإنجليزي (gesture)."
  knowledge_candidates:
    - lemma: "أمارة"
      justification: "بناءً على المجاز: العلامة التي تدل على شيء، وتستخدم مرادفة للعلامة في سياقات إدراكية."

step1_lemma_validation:
  per_lemma:
    - lemma: "إشارة"
      decision: confirmed
      decision_reason: "مصطلح أساسي دقيق وفصيح، ويعبر عن نقل الرسائل بشكل غير لفظي."
      evidence_assessment:
        case: "confirm"
      substitution_test:
        result: "pass"
      nuance_differentiation: "تختص غالباً بالحركة الإرادية والتلويح (كاليد أو العين) أو الإرسال المتعمد للتواصل السريع."
      example: "أعطى القائد إشارة البدء لتحرك القوات."

    - lemma: "علامة"
      decision: confirmed
      decision_reason: "مصطلح فصيح ومطرد يستعمل في نقل الدلالات والمعاني المنظومة أو الطبيعية."
      evidence_assessment:
        case: "confirm"
      substitution_test:
        result: "pass"
      nuance_differentiation: "أعم من الإشارة، وتشمل المظاهر المادية الثابتة، والرموز المتفق عليها، وقد لا تكون حركية لحظية."
      example: "كانت ابتسامته علامة واضحة على الموافقة والرضا."

    - lemma: "إيماءة"
      source: step05
      decision: removed
      decision_reason: "تعتبر نوعاً خاصاً من الإشارات يقتصر على حركة الرأس أو الجسد (أخص من المفهوم)، في حين أن المفهوم العام للـ signal يشمل الإشارات الضوئية واللافتات وغيرها."
      step05_citation: "«وحدة إشارة جسدية.» — المعجم الموحد لمصطلحات اللسانيات"

    - lemma: "أمارة"
      source: step05
      decision: removed
      decision_reason: "تفيد غالباً الدلالة العقلية أو الاستنتاجية (كالغيم للمطر) ولا تعبر عادة عن الفعل الإرادي لنقل رسالة تواصلية كما في المفهوم."
      step05_citation: "«الأمارة: مَا يلْزم من الْعلم بِهِ الظَّن بِوُجُود الْمَدْلُول.» — معجم مقاليد العلوم"

step3_definition:
  definition_review_flag: true
  current_definition: "أي فعل أو إيماءة غير لفظية تشفر رسالة ما"
  assessment:
    decision: revise
    reason: "استخدام كلمة 'تشفر' يعد ترجمة حرفية (encodes)، والأفضل استخدام تعبير عربي أصيل كـ 'تنقل' أو 'تُضمّن'."
  authored_definitions:
    - type: terminological
      text: "فعل أو حركة غير لفظية يُقصد بها نقل معنى أو رسالة إلى المتلقي."
      quality_check:
        genus_present: true
        differentia_present: true
        circular: false
        passed: true
  actions:
    - command: update_definition
      params:
        synset_id: "awn4-06804229-n"
        definition_index: 0
        text: "فعل أو حركة غير لفظية يُقصد بها نقل معنى أو رسالة إلى المتلقي."

step4_relations:
  hypernymy:
    current_hypernym: "اتِّصَال, تَوَاصُل"
    test_result: "correct"
  antonymy:
    per_lemma: []
  verb_checks:
    applicable: false
  selectional_restrictions: []

step5_enrichment:
  per_lemma:
    - lemma: "إشارة"
      enrichment:
        root: "ش-و-ر"
      examples:
        - text: "أعطى الحكم إشارة واضحة بيده لاستئناف اللعب."
          type: usage
          source: "مؤلَّف"
      pos_check:
        pos: noun
    - lemma: "علامة"
      enrichment:
        root: "ع-ل-م"
      examples:
        - text: "وضع المزارع علامة مميزة على الطريق لئلا يضل المسافرون."
          type: usage
          source: "مؤلَّف"
      pos_check:
        pos: noun
  cultural_fit:
    assessment: native
EOF Syntax Errors: [ 'Error node: "<" at 0:0' ]
missing pgrep output
