YOLO mode is enabled. All tool calls will be automatically approved.
Loaded cached credentials.
YOLO mode is enabled. All tool calls will be automatically approved.
Bash command parsing error detected for command: << 'EOF' > /workspace/awn4-08197108-n.review.yaml
step0_evidence:
  per_lemma:
    - lemma: "دهماء"
      confirm:
        - text: "«مِنَ النَّاس: العَدَدُ الكَثِيرُ. وقيل: جَماعَةُ النَّاس وسَوادُهُمُ الأَعْظَمُ.»"
          source: "المعجم الكبير"
        - text: "«عامة الناس وَسَوادُهم»"
          source: "المعجم الوسيط"
      expands:
        - text: "«العَوامُّ مِمَّن لا خِبْرَة لَهُمْ, أو لا يُعْتَدُّ بِرأْيِهِم.»"
          source: "المعجم الكبير"
          addition: "يضيف دلالة سلبية تتمثل في غياب الخبرة أو عدم الاعتداد برأيهم"
    - lemma: "جماهير"
      confirm:
        - text: "«جمع جمهور: معظم كل شيء وجل الناس»"
          source: "موسوعة السلطان قابوس لأسماء العرب"
    - lemma: "جموع"
      evidence_status: "no_material_found"
      peripheral_observations:
        - "المعاجم القديمة تورد (جَمُوع) كصيغة مبالغة، ولا تذكر (جُمُوع) بمعنى عامة الناس مباشرة، بل بمعنى التجمعات البشرية."

step05_lemma_generation:
  evidence_candidates:
    - lemma: "عوام"
      source_section: "step4_fts_keyword"
      evidence_citation: "«العوام: جمع عام وعامة، وهو الشامل المتسع.» — التوقيف على مهمات التعاريف للمناوي"
      justification: "مصطلح شائع ومباشر للدلالة على عامة الناس لغوياً واصطلاحياً، في مقابل الخاصة."
    - lemma: "عامة"
      source_section: "step4_fts_keyword"
      evidence_citation: "«(الْعَامَّة) من النَّاس خلاف الْخَاصَّة (ج) عوام» — المعجم الوسيط"
      justification: "الكلمة الأساسية التي استُخدمت في التعريف لتوضيح المفهوم، وتستعمل باستقلالية (العامة) للدلالة على سواد الناس."
  knowledge_candidates:
    - lemma: "سواد"
      justification: "تُستخدم مجازاً للدلالة على كثرة الناس ومعظمهم (يقال: سواد الناس، أو السواد الأعظم)، آلية التوليد: المجاز (الإزاحة الدلالية) حيث استعير السواد للدلالة على الكثرة التي تُرى من بعيد."

step1_lemma_validation:
  per_lemma:
    - lemma: "دهماء"
      decision: confirmed
      decision_reason: "مصطلح فصيح وعريق للدلالة على سواد الناس والجماهير العريضة."
      evidence_assessment:
        case: "mixed"
      substitution_test:
        result: "pass"
      nuance_differentiation: "تدل على السواد الأعظم من الناس، وكثيراً ما تحمل ظلاً دلالياً سلبياً يشير إلى غياب الوعي أو التميز في مقابل أهل الرأي والعلم."
      example: "انساق الدهماء وراء الشائعات دون تفكير أو تروٍّ."
    - lemma: "جماهير"
      decision: confirmed
      decision_reason: "مصطلح واسع الانتشار فصيح يدل على جموع الناس الكثيرة."
      evidence_assessment:
        case: "confirm_only"
      substitution_test:
        result: "pass"
      nuance_differentiation: "تستخدم للدلالة على الكتل البشرية الكبيرة، ويغلب استعمالها في السياقات الاجتماعية والسياسية الحديثة (الجماهير العريضة)."
      example: "احتشدت الجماهير في الميادين للاحتفال بالاستقلال."
    - lemma: "جموع"
      decision: confirmed
      decision_reason: "كلمة فصيحة (جمع جَمْع) وتستعمل بكثرة في السياق المعاصر للدلالة على الحشود والكتل البشرية."
      evidence_assessment:
        case: "no_material"
      substitution_test:
        result: "pass"
      nuance_differentiation: "تركز على الجانب الكمي والحشود المتجمعة في مكان أو زمان ما، ولا تحمل دلالة طبقية كما في (عوام) أو (دهماء)."
      example: "انطلقت جموع المواطنين ترحب بضيوف البلاد."
    - lemma: "عوام"
      source: step05
      decision: confirmed
      decision_reason: "كلمة فصيحة دقيقة مستخدمة كاسم جمع للدلالة على عامة الناس غير المتخصصين."
      step05_citation: "«العوام: جمع عام وعامة، وهو الشامل المتسع.» — التوقيف على مهمات التعاريف للمناوي"
      substitution_test:
        result: "pass"
      nuance_differentiation: "تشير تحديداً إلى الفئة غير المختصة أو البسيطة من الناس في مقابل (الخواص) أو (العلماء)."
      example: "يجب تبسيط المعلومات الطبية لتكون في متناول العوام."
      actions:
        - command: create_entry
          params:
            lemma: "عوام"
            pos: n
        - command: add_sense
          params:
            entry_id: "{auto}"
            synset_id: "awn4-08197108-n"
    - lemma: "عامة"
      source: step05
      decision: confirmed
      decision_reason: "كلمة فصيحة مباشرة ومستقرة في الاستعمال اللغوي."
      step05_citation: "«(الْعَامَّة) من النَّاس خلاف الْخَاصَّة (ج) عوام» — المعجم الوسيط"
      substitution_test:
        result: "pass"
      nuance_differentiation: "مصطلح محايد يدل على عموم الناس بجميع فئاتهم في مقابل (الخاصة)."
      example: "صدر القرار لتحقيق المصلحة التي تعود بالنفع على العامة."
      actions:
        - command: create_entry
          params:
            lemma: "عامة"
            pos: n
        - command: add_sense
          params:
            entry_id: "{auto}"
            synset_id: "awn4-08197108-n"
    - lemma: "سواد"
      source: step05
      decision: confirmed
      decision_reason: "لفظ فصيح استعمل في التراث بكثرة للدلالة على معظم الناس."
      step05_citation: "«من الناس: معظمهم» — المعجم الوسيط"
      substitution_test:
        result: "pass"
      nuance_differentiation: "يحمل طابعاً مجازياً ويشير إلى الكثرة الكاثرة والجمهور الأعظم."
      example: "وقف سواد الناس مؤيدين للمشروع الوطني الجديد."
      actions:
        - command: create_entry
          params:
            lemma: "سواد"
            pos: n
        - command: add_sense
          params:
            entry_id: "{auto}"
            synset_id: "awn4-08197108-n"
  added_lemmas:
    - lemma: "عوام"
      reason: "مصدر: الخطوة ٠٫٥"
      via_command: "create_entry + add_sense"
    - lemma: "عامة"
      reason: "مصدر: الخطوة ٠٫٥"
      via_command: "create_entry + add_sense"
    - lemma: "سواد"
      reason: "مصدر: الخطوة ٠٫٥"
      via_command: "create_entry + add_sense"

step3_definition:
  definition_review_flag: false
  current_definition: "عامة الناس بشكل عام"
  assessment:
    decision: retain
    reason: "التعريف دقيق وواضح ويعكس المفهوم المرجو بأسلوب سهل."

step4_relations:
  hypernymy:
    current_hypernym: "تَجَمُّع"
    test_result: "correct"
  antonymy:
    per_lemma:
      - lemma: "عامة"
        antonym_found: true
        antonym: "خاصة"
      - lemma: "عوام"
        antonym_found: true
        antonym: "خواص"
      - lemma: "دهماء"
        antonym_found: true
        antonym: "علية"
  verb_checks:
    applicable: false
  selectional_restrictions:
    - lemma: "جماهير"
      constraint: "فاعل حي عاقل (بشر)"

step5_enrichment:
  per_lemma:
    - lemma: "دهماء"
      enrichment:
        root: "دهم"
      examples:
        - text: "دَخَلْتُ فى دهماءِ النَّاسِ."
          type: "usage"
          source: "المعجم الكبير"
    - lemma: "جماهير"
      enrichment:
        root: "جمهر"
      examples:
        - text: "تدفقت الجماهير إلى الملاعب لمؤازرة المنتخب الوطني."
          type: "usage"
          source: "مؤلَّف"
    - lemma: "جموع"
      enrichment:
        root: "جمع"
      examples:
        - text: "تجمهرت الجموع في الساحة الكبرى بانتظار إعلان النتيجة."
          type: "usage"
          source: "مؤلَّف"
    - lemma: "عوام"
      enrichment:
        root: "عمم"
      examples:
        - text: "شاعت هذه الأخبار بين العوام حتى باتت كالحقيقة."
          type: "usage"
          source: "مؤلَّف"
    - lemma: "عامة"
      enrichment:
        root: "عمم"
      examples:
        - text: "جعل الحاكم بابه مفتوحاً لسماع شكاوى العامة."
          type: "usage"
          source: "مؤلَّف"
    - lemma: "سواد"
      enrichment:
        root: "سود"
        figurative_relation: "metaphor"
      examples:
        - text: "اتبع سواد الناس هذا الرأي لما وجدوا فيه من صواب."
          type: "usage"
          source: "مؤلَّف"
  cultural_fit:
    assessment: "native"
  actions:
    - command: add_synset_example
      params:
        synset_id: "awn4-08197108-n"
        text: "دَخَلْتُ فى دهماءِ النَّاسِ."
EOF Syntax Errors: [ 'Error node: "<" at 0:0' ]
missing pgrep output
