YOLO mode is enabled. All tool calls will be automatically approved.
Loaded cached credentials.
YOLO mode is enabled. All tool calls will be automatically approved.
Bash command parsing error detected for command: << 'EOF' > /workspace/awn4-08169654-n.review.yaml
step0_evidence:
  per_lemma:
    - lemma: "طائفة القديسين"
      evidence_status: "no_material_found"

    - lemma: "قديسون"
      confirm:
        - text: "«(2) القدِّيسون جملةً»"
          source: "المورد الحديث"

step05_lemma_generation:
  evidence_candidates:
    - lemma: "القداسة"
      source_section: "step5_english_bridge"
      evidence_citation: "«(1) القداسة: كونُ المرء قِدّيسًا (2) القدِّيسون جملةً» — المورد الحديث"
      justification: "مصطلح معجمي دقيق يعبر عن جماعة القديسين كمفهوم مجرد أو كيان جامع."
  knowledge_candidates:
    - lemma: "جماعة القديسين"
      justification: "تركيب إضافي يعبر بشكل مباشر عن التعريف (القديسون بشكل جماعي) — توليد بالتركيب الوصفي الإضافي."
  generation_notes: "المفهوم يعبر عن الكيان الجامع للقديسين، وتدل عليه المصادر الصناعية والمفردات المجردة مثل «القداسة» أو المجموع المباشر مثل «قديسون»."

step1_lemma_validation:
  per_lemma:
    - lemma: "قديسون"
      decision: confirmed
      decision_reason: "الجمع يدل على الجماعة — مدعوم بمعاجم ثنائية اللغة لترجمة sainthood"
      evidence_assessment:
        case: "confirm_only"
      substitution_test:
        result: "pass"
      nuance_differentiation: "صيغة الجمع التي تدل على الأفراد مجتمعين مباشرةً"
      example: "نالوا شفاعة القديسين في صلواتهم وتضرعاتهم."

    - lemma: "طائفة القديسين"
      decision: removed
      decision_reason: "تركيب إضافي حر غير مسكوك معجمياً"
      evidence_assessment:
        case: "no_material"
      mwe_check:
        is_mwe: true
        accepted: false
      substitution_test:
        result: "fail"
      nuance_differentiation: "تركيب حر يدل على فئة من الناس وليس مصطلحاً مسكوكاً للكيان المعنوي"
      actions:
        - command: remove_sense
          params:
            sense_id: "{auto}"

    - lemma: "القداسة"
      source: step05
      decision: confirmed
      decision_reason: "مصطلح دقيق يعبر عن المعنى الجماعي (sainthood) ومثبت في المعاجم ثنائية اللغة"
      step05_citation: "«(2) القدِّيسون جملةً» — المورد الحديث"
      substitution_test:
        result: "pass"
      nuance_differentiation: "اسم معنى مجرد يدل على الرتبة الروحية وعلى الكيان الجامع للقديسين"
      example: "تجلت القداسة في سير الشهداء الأوائل وتضحياتهم."
      actions:
        - command: create_entry
          params:
            lemma: "القداسة"
            pos: n
        - command: add_sense
          params:
            entry_id: "{auto}"
            synset_id: "awn4-08169654-n"

    - lemma: "جماعة القديسين"
      source: step05
      decision: removed
      decision_reason: "تركيب إضافي حر غير مسكوك"
      step05_citation: "المعرفة اللغوية"

  synset_flags:
    definition_review_needed: true
  added_lemmas:
    - lemma: "القداسة"
      reason: "مصدر: الخطوة ٠٫٥ — المعنى الدقيق لـ sainthood كمجموع"
      via_command: "create_entry + add_sense"

step3_definition:
  definition_review_flag: true
  current_definition: "القديسون بشكل جماعي"
  assessment:
    decision: revise
    reason: "التعريف الحالي أقرب لترجمة حرفية (saints collectively) — والأفضل صياغة تعريف مصطلحي دقيق يبرز الكيان الجامع"
  authored_definitions:
    - type: terminological
      text: "جماعة القديسين أو الكيان المعنوي الذي يجمعهم"
      quality_check:
        genus_present: true
        differentia_present: true
        circular: false
        passed: true
    - type: linguistic
      text: "القديسون مجتمعين كوحدة واحدة"
      quality_check:
        genus_present: true
        differentia_present: true
        circular: false
        passed: true
  actions:
    - command: update_definition
      params:
        synset_id: "awn4-08169654-n"
        definition_index: 0
        text: "جماعة القديسين أو الكيان المعنوي الذي يجمعهم"

step4_relations:
  hypernymy:
    current_hypernym: "تَجَمُّع"
    test_result: "correct"

step5_enrichment:
  per_lemma:
    - lemma: "قديسون"
      enrichment:
        root: "قدس"
      examples:
        - text: "تُكرم الكنيسة سِيَر القديسين وتجعلهم قدوة للمؤمنين."
          type: usage
          source: "مؤلَّف"
      pos_check:
        pos: noun
    - lemma: "القداسة"
      enrichment:
        root: "قدس"
      examples:
        - text: "تُشير القداسة في هذا السياق إلى الشركة الروحية بين جميع المؤمنين والقديسين."
          type: usage
          source: "مؤلَّف"
      pos_check:
        pos: noun
  cultural_fit:
    assessment: "native"
  actions:
    - command: add_synset_example
      params:
        synset_id: "awn4-08169654-n"
        text: "تُكرم الكنيسة سِيَر القديسين وتجعلهم قدوة للمؤمنين."
EOF Syntax Errors: [ 'Error node: "<" at 0:0' ]
missing pgrep output
