YOLO mode is enabled. All tool calls will be automatically approved.
Loaded cached credentials.
YOLO mode is enabled. All tool calls will be automatically approved.
Bash command parsing error detected for command: << 'EOF' > /workspace/awn4-07298178-n.review.yaml
step0_evidence:
  per_lemma:
    - lemma: "حدث مخيب للآمال"
      evidence_status: "no_material_found"
    - lemma: "لا حدث"
      evidence_status: "no_material_found"

step05_lemma_generation:
  evidence_candidates:
    - lemma: "خيبة أمل"
      source_section: "step5_english_bridge"
      evidence_citation: "«(1) خيبة أملٍ (2) هبوط؛ فتور the letdown in steel production» — المورد الحديث (2008)"
      justification: "وردت كترجمة للمصطلحات الإنجليزية (letdown / disappointment) المرتبطة بـ (nonevent)، وتعبر عن حالة الإحباط الناتجة عن الحدث المخيب."
  knowledge_candidates:
    - lemma: "برق خلب"
      justification: "آلية التوليد المستخدمة: المجاز (الإزاحة الدلالية). أطلق العرب قديماً على السحاب الذي يومض بالبرق فيطمع الناس بالمطر ثم يتقشع دون غيث اسم (البرق الخلب)، وهو يمثل استعارة بليغة لتصوير الحدث الذي تُعلق عليه الآمال العراض ثم يتبين أنه بلا أهمية أو نتيجة تذكر."

step1_lemma_validation:
  per_lemma:
    - lemma: "لا حدث"
      decision: confirmed
      decision_reason: "مصطلح معاصر نشأ كترجمة اقتراضية (Calque) من الإنجليزية (non-event)، وبات واسع الانتشار في لغة الصحافة والسياسة للتعبير عن حدث فَقَدَ قيمته وأهميته المنتظرة."
      evidence_assessment:
        case: "no_material"
      mwe_check:
        is_mwe: true
        accepted: true
      substitution_test:
        result: "pass"
      nuance_differentiation: "مباشر وعملي، يغلب استعماله في السياقات السياسية والإعلامية لنفي الأهمية عن حدث تمت المبالغة في تقدير حجمه."
      example: "تبين أن التهديد بالاستقالة كان مجرد لا حدث ولم يؤثر على مسار الجلسة."

    - lemma: "حدث مخيب للآمال"
      decision: removed
      decision_reason: "تركيب وصفي حر (Free phrase) يتكون من موصوف وصفة وشبه جملة، وليس وحدة معجمية اصطلاحية مسكوكة. يمكن إبدال عناصره بمرادفات متعددة نحو: لقاء مخيب للآمال، نتائج مخيبة للآمال."
      evidence_assessment:
        case: "no_material"
      mwe_check:
        is_mwe: true
        accepted: false
      substitution_test:
        result: "pass"
      nuance_differentiation: "وصف عام لحالة الحدث وليس مصطلحاً مكثفاً."
      actions:
        - command: remove_sense
          params:
            sense_id: "{auto}"

    - lemma: "خيبة أمل"
      source: step05
      decision: removed
      decision_reason: "المصطلح يعبر عن (الشعور) بالإحباط (النتيجة)، ولا يدل على (الحدث) نفسه (المسبب)."
      step05_citation: "«(1) خيبة أملٍ (2) هبوط؛ فتور the letdown in steel production» — المورد الحديث (2008)"
      substitution_test:
        result: "fail"

    - lemma: "برق خلب"
      source: step05
      decision: confirmed
      decision_reason: "تعبير مجازي تراثي بليغ يعبر بدقة عن الشيء الذي يثير التوقعات العالية ثم لا يسفر عن شيء ذي قيمة، وهو مقابل دلالي ممتاز."
      step05_citation: "«البَرْقُ الخُلَّبُ: الذي لا غَيْثَ فيه، كأَنه خادِعٌ يُومِضُ، حتى تَطْمعَ بِمَطَرِه، ثم يُخْلِفُك» — لسان العرب لابن منظور"
      mwe_check:
        is_mwe: true
        accepted: true
      substitution_test:
        result: "pass"
      nuance_differentiation: "يتميز بصبغته التراثية والمجازية العالية، ويركز على التناقض بين الوعود البراقة وبين النتيجة الصفرية المخيبة."
      example: "كانت الوعود بالانتعاش الاقتصادي السريع مجرد برق خلب تبدد مع أول أزمة."
      actions:
        - command: create_entry
          params:
            lemma: "برق خلب"
            pos: n
        - command: add_sense
          params:
            entry_id: "{auto}"
            synset_id: "awn4-07298178-n"

  added_lemmas:
    - lemma: "برق خلب"
      reason: "مصدر: الخطوة ٠٫٥"
      via_command: create_entry + add_sense

step3_definition:
  definition_review_flag: false
  current_definition: "حدث منتظر يتبين أنه أقل أهمية بكثير مما كان متوقعاً"
  assessment:
    decision: retain
    reason: "التعريف دقيق وواضح، يحدد الجنس القريب (حدث منتظر) والفصل النوعي (فقدان الأهمية المتوقعة)، ويعكس دلالة المجموعة بامتياز."

step4_relations:
  hypernymy:
    current_hypernym: "حَدَث"
    test_result: "correct"
  verb_checks:
    applicable: false

step5_enrichment:
  per_lemma:
    - lemma: "لا حدث"
      enrichment:
        root: "ح-د-ث"
        etymology: "loanword"
      examples:
        - text: "تبين أن التهديد بالاستقالة كان مجرد لا حدث ولم يؤثر على مسار الجلسة."
          type: usage
          source: "مؤلف"
      pos_check:
        pos: noun
    - lemma: "برق خلب"
      enrichment:
        root: "خ-ل-ب"
        figurative_relation: "metaphor"
      examples:
        - text: "كانت الوعود بالانتعاش الاقتصادي السريع مجرد برق خلب تبدد مع أول أزمة."
          type: usage
          source: "مؤلف"
      pos_check:
        pos: noun
  cultural_fit:
    assessment: native
  actions:
    - command: add_synset_example
      params:
        synset_id: "awn4-07298178-n"
        text: "تبين أن التهديد بالاستقالة كان مجرد لا حدث ولم يؤثر على مسار الجلسة."
EOF Syntax Errors: [ 'Error node: "<" at 0:0' ]
missing pgrep output
