YOLO mode is enabled. All tool calls will be automatically approved.
Loaded cached credentials.
YOLO mode is enabled. All tool calls will be automatically approved.
Bash command parsing error detected for command: << 'EOF' > /workspace/awn4-04731092-n.review.yaml
step0_evidence:
  per_lemma:
    - lemma: "جَوْدَة"
      confirm:
        - text: "«كيفيّة؛ جودة used to look for quality rather than quantity»"
          source: "المورد الحديث (2008)"
      expands:
        - text: "«مجملُ السماتِ والمميزاتِ، لمنتَجٍ أو خدمةٍ، المتصلةِ بمقدرة المنتَج أو الخدمة على الوفاء بحاجات معيّنة.»"
          source: "معجم مصطلحات المعلوماتية (2000)"
        - text: "«مجموعة خواص يتم بموجبها قبول السلعة أو رفضها.»"
          source: "المعجم الموحد لمصطلحات تقانات الأغذية (2004)"
      peripheral_observations:
        - "«جودة الفهم (في اصطلاح أهل النظر): صحة الانتقال من الملزومات إلى اللوازم.» — المعجم الوسيط"
    - lemma: "نَوْعِيَّة"
      confirm:
        - text: "«نوع؛ نوعيّة food of poor quality»"
          source: "المورد الحديث (2008)"
      expands:
        - text: "«specificness (specificity)»"
          source: "المعجم الطبي الموحد (2009)"
        - text: "«منافسة كيفية، منافسة نوعية [quality competition]»"
          source: "المعجم الموحد لمصطلحات الاقتصاد (2000)"
      peripheral_observations:
        - "«يدل مصطلح النوعية على علاقة الانتماء التي تنطبق على مدلول الوحدات المعجمية المدروسة [Hyponymy].» — المعجم الموحد لمصطلحات اللسانيات (2002)"

step05_lemma_generation:
  evidence_candidates:
    - lemma: "خَصِيصَة"
      source_section: "step4_fts_keyword"
      evidence_citation: "«(الخصيصة) الصّفة الَّتِي تميز الشَّيْء وتحدده» — المعجم الوسيط"
      justification: "اشتقاق على وزن (فَعِيلَة) وتتطابق حرفياً مع التعريف العربي للمجموعة الترادفية الذي ينص على أنها صفة مميزة وجوهرية."
  knowledge_candidates:
    - lemma: "كَيْفِيَّة"
      justification: "مصدر صناعي قياسي (من أداة الاستفهام كيف + ية)، ويُستخدم فلسفياً ولغوياً للدلالة على طبيعة الشيء أو صفته (Quality) في مقابل الكمية (Quantity)."

step1_lemma_validation:
  per_lemma:
    - lemma: "جَوْدَة"
      decision: confirmed
      decision_reason: "مصطلح معتمد ومستقر في الاستعمال المعاصر لترجمة Quality، ورغم أن دلالته الأصلية تركز على (درجة الامتياز والصلاحية) إلا أنه يُستعمل توسعاً للدلالة على مجموع الخصائص والسمات كما تورد المعاجم المتخصصة."
      evidence_assessment:
        case: "mixed"
      substitution_test:
        result: "pass"
      nuance_differentiation: "تركز في أصلها اللغوي واستعمالها الشائع على درجة الامتياز والإتقان (Degree of excellence)، وتُستخدم في السياقات الفنية والاقتصادية (مثل ضبط الجودة)."
      example: "تخضع جميع المنتجات في المصنع لفحص دقيق لضمان الجودة."
    - lemma: "نَوْعِيَّة"
      decision: confirmed
      decision_reason: "مصطلح فصيح شائع الاستعمال يدل على الكيف والطبيعة المميزة للشيء."
      evidence_assessment:
        case: "mixed"
      substitution_test:
        result: "pass"
      nuance_differentiation: "تُستخدم للدلالة على الطبيعة الكيفية (Qualitative nature) والخصائص المميزة للشيء بمعزل عن تقييمه الإيجابي أو السلبي، وتُقابل (الكمية)."
      example: "تهتم المدارس الحديثة بتحسين نوعية التعليم لتطوير مهارات الطلاب."
    - lemma: "خَصِيصَة"
      source: step05
      decision: confirmed
      decision_reason: "مصطلح فصيح ومطابق تماماً للتعريف المقصود."
      step05_citation: "«(الخصيصة) الصّفة الَّتِي تميز الشَّيْء وتحدده» — المعجم الوسيط"
      substitution_test:
        result: "pass"
      nuance_differentiation: "تدل على الصفة الذاتية الملازمة التي ينفرد بها الموصوف وتميزه عن غيره."
      example: "تُعد المرونة خصيصة جوهرية للكائنات الحية تساعدها على البقاء."
      actions:
        - command: create_entry
          params:
            lemma: "خَصِيصَة"
            pos: n
        - command: add_sense
          params:
            entry_id: "{auto}"
            synset_id: "awn4-04731092-n"
    - lemma: "كَيْفِيَّة"
      source: step05
      decision: confirmed
      decision_reason: "مصطلح مستقر يدل على الجانب الكيفي أو النوعي للشيء."
      step05_citation: "مصدر معرفة لغوية"
      substitution_test:
        result: "pass"
      nuance_differentiation: "مصطلح ذو طابع فلسفي ومنطقي يركز على (حالة الشيء وصفته) أو ما يُسأل عنه بـ (كيف)."
      example: "يركز التقييم الشامل على الكيفية بقدر تركيزه على الكمية."
      actions:
        - command: create_entry
          params:
            lemma: "كَيْفِيَّة"
            pos: n
        - command: add_sense
          params:
            entry_id: "{auto}"
            synset_id: "awn4-04731092-n"
  added_lemmas:
    - lemma: "خَصِيصَة"
      reason: "مصدر: الخطوة ٠٫٥"
      via_command: create_entry + add_sense
    - lemma: "كَيْفِيَّة"
      reason: "مصدر: الخطوة ٠٫٥"
      via_command: create_entry + add_sense

step3_definition:
  definition_review_flag: false
  current_definition: "صفة جوهريّة ومميِّزة لشيء أو شخص"
  assessment:
    decision: retain
    reason: "التعريف دقيق وواضح ويصيغ المعنى المقصود بأسلوب معجمي سليم يتوافق مع طبيعة اللمات المدرجة (كالخصيصة والنوعية)."

step4_relations:
  hypernymy:
    current_hypernym: "awn4-00024444-n"
    test_result: "correct"

step5_enrichment:
  per_lemma:
    - lemma: "جَوْدَة"
      enrichment:
        root: "ج-و-د"
      examples:
        - text: "تخضع جميع المنتجات في المصنع لفحص دقيق لضمان الجودة."
          type: usage
          source: "مؤلَّف"
      pos_check:
        pos: noun
    - lemma: "نَوْعِيَّة"
      enrichment:
        root: "ن-و-ع"
      examples:
        - text: "تهتم المدارس الحديثة بتحسين نوعية التعليم لتطوير مهارات الطلاب."
          type: usage
          source: "مؤلَّف"
      pos_check:
        pos: noun
    - lemma: "خَصِيصَة"
      enrichment:
        root: "خ-ص-ص"
      examples:
        - text: "تُعد المرونة خصيصة جوهرية للكائنات الحية تساعدها على التكيف."
          type: usage
          source: "مؤلَّف"
      pos_check:
        pos: noun
    - lemma: "كَيْفِيَّة"
      enrichment:
        root: "ك-ي-ف"
      examples:
        - text: "يركز التقييم الشامل على الكيفية بقدر تركيزه على الكمية."
          type: usage
          source: "مؤلَّف"
      pos_check:
        pos: noun
  cultural_fit:
    assessment: native
EOF Syntax Errors: [ 'Error node: "<" at 0:0' ]
missing pgrep output
