YOLO mode is enabled. All tool calls will be automatically approved.
Loaded cached credentials.
YOLO mode is enabled. All tool calls will be automatically approved.
Bash command parsing error detected for command: << 'EOF' > /workspace/awn4-13802931-n.review.yaml
step0_evidence:
  per_lemma:
    - lemma: "عَلَاقَة"
      confirm:
        - text: "«اتصال متبادل بين أشخاص أو مجموعات.» — مسرد الإعلام والتواصل، المنظمة العربية للتربية والثقافة والعلوم"
      expands:
        - text: "«الصداقة وَالْحب اللَّازِم للقلب... وَمَا تعلق بِهِ الْإِنْسَان من صناعَة وَغَيرهَا» — المعجم الوسيط لمجموعة من المؤلفين"
          addition: "يوسع الدلالة لتشمل الصداقة والحب، وهي من أبرز العلاقات الإنسانية."
    - lemma: "عَلَاقَة إِنْسَانِيَّة"
      evidence_status: "no_material_found"

step05_lemma_generation:
  evidence_candidates:
    - lemma: "عَلَاقَة اِجْتِمَاعِيَّة"
      source_section: "step5_english_bridge"
      evidence_citation: "«روابط تجمع بين الأفراد على أساس اجتماعي.» — مسرد الإعلام والتواصل، المنظمة العربية للتربية والثقافة والعلوم"
      justification: "ترجمة دقيقة لمفهوم العلاقة بين الأفراد في السياق المجتمعي."
    - lemma: "عَلَاقَة بَيْنَ الأَشْخَاص"
      source_section: "step5_english_bridge"
      evidence_citation: "«ترابط بين عدة أفراد داخل جمعية يحاولون فيها تلبية الحاجات الاجتماعية لبعضهم بعض.» — مسرد الإعلام والتواصل"
      justification: "ترجمة لمصطلح interpersonal relationship."
  knowledge_candidates:
    - lemma: "صِلَة"
      justification: "المجاز: نقل الوصل المادي بين الأشياء إلى الرابطة المعنوية بين البشر، وتكثر في التعبير عن العلاقات الإنسانية الحميمة (كصلة الرحم والصداقة)."
    - lemma: "رَابِطَة"
      justification: "الاشتقاق: اشتقاق على وزن (فاعلة) للدلالة على ما يربط بين الأشخاص معنوياً واجتماعياً، مثل رابطة الدم ورابطة الصداقة."

step1_lemma_validation:
  per_lemma:
    - lemma: "عَلَاقَة"
      decision: confirmed
      decision_reason: "مصطلح فصيح وشائع يعبر بدقة عن الرابطة بين البشر."
      evidence_assessment:
        case: "confirm"
      substitution_test:
        result: "pass"
      nuance_differentiation: "لفظ عام وشامل يعبر عن أي رابطة بين البشر، وهو الأكثر شيوعاً وحيادية في الاستعمال المعاصر."
      example: "تربطني بجيراني علاقة طيبة يسودها الاحترام المتبادل."

    - lemma: "عَلَاقَة إِنْسَانِيَّة"
      decision: confirmed
      decision_reason: "مركب وصفي شائع ومستقر في الاستعمال التخصصي والعام للتعبير عن الروابط البشرية."
      evidence_assessment:
        case: "no_material"
      mwe_check:
        is_mwe: true
        accepted: true
      substitution_test:
        result: "pass"
      nuance_differentiation: "تركز على البعد البشري والأخلاقي والوجداني في التعامل بين الأفراد."
      example: "تسعى الإدارة الناجحة إلى بناء علاقة إنسانية متينة مع الموظفين."

    - lemma: "عَلَاقَة اِجْتِمَاعِيَّة"
      source: step05
      decision: confirmed
      decision_reason: "مركب وصفي مستقر معجمياً ومستعمل للتعبير عن الروابط بين أفراد المجتمع."
      step05_citation: "«روابط تجمع بين الأفراد على أساس اجتماعي.» — مسرد الإعلام والتواصل"
      mwe_check:
        is_mwe: true
        accepted: true
      substitution_test:
        result: "pass"
      nuance_differentiation: "تختص بالروابط التي تنشأ بين الأفراد بصفتهم أعضاء في مجتمع معين، وتركز على التفاعل المجتمعي."
      example: "تعتبر المدرسة بيئة خصبة لتكوين أي علاقة اجتماعية جديدة للمتعلم."
      actions:
        - command: create_entry
          params:
            lemma: "عَلَاقَة اِجْتِمَاعِيَّة"
            pos: n
        - command: add_sense
          params:
            entry_id: "{auto}"
            synset_id: "awn4-13802931-n"

    - lemma: "عَلَاقَة بَيْنَ الأَشْخَاص"
      source: step05
      decision: removed
      decision_reason: "تركيب إسنادي حر (شبه جملة) وليس مصطلحاً مسكوكاً."
      step05_citation: "«ترابط بين عدة أفراد داخل جمعية يحاولون فيها تلبية الحاجات الاجتماعية لبعضهم بعض.» — مسرد الإعلام والتواصل"

    - lemma: "صِلَة"
      source: step05
      decision: confirmed
      decision_reason: "لفظ عربي فصيح وتراثي دقيق في التعبير عن العلاقات الإنسانية."
      step05_citation: "المعرفة اللغوية المعجمية"
      substitution_test:
        result: "pass"
      nuance_differentiation: "تتسم بطابع حميمي وأخلاقي أعمق من (العلاقة) المجردة، وتكثر في روابط الدم والمودة."
      example: "لم تنقطع صلة المودة بيننا رغم طول الغياب."
      actions:
        - command: create_entry
          params:
            lemma: "صِلَة"
            pos: n
        - command: add_sense
          params:
            entry_id: "{auto}"
            synset_id: "awn4-13802931-n"

    - lemma: "رَابِطَة"
      source: step05
      decision: confirmed
      decision_reason: "لفظ عربي فصيح يدل على الوصلة والعلاقة بين الأفراد."
      step05_citation: "المعرفة اللغوية المعجمية"
      substitution_test:
        result: "pass"
      nuance_differentiation: "تشير إلى ما يجمع الأفراد على أساس صلب كالدين أو المهنة أو النسب، وتوحي بقوة التماسك."
      example: "تجمعنا رابطة الدم واللغة والتاريخ المشترك."
      actions:
        - command: create_entry
          params:
            lemma: "رَابِطَة"
            pos: n
        - command: add_sense
          params:
            entry_id: "{auto}"
            synset_id: "awn4-13802931-n"

  synset_flags:
    definition_review_needed: true
  added_lemmas:
    - lemma: "عَلَاقَة اِجْتِمَاعِيَّة"
      reason: "مصدر: الخطوة ٠٫٥"
      via_command: "create_entry + add_sense"
    - lemma: "صِلَة"
      reason: "مصدر: الخطوة ٠٫٥"
      via_command: "create_entry + add_sense"
    - lemma: "رَابِطَة"
      reason: "مصدر: الخطوة ٠٫٥"
      via_command: "create_entry + add_sense"

step3_definition:
  definition_review_flag: true
  current_definition: "علاقة بين الناس"
  assessment:
    decision: revise
    reason: "التعريف الحالي مقتضب جداً. يستحسن توسيعه ليشمل طبيعة الرابطة كأمر معنوي واجتماعي."
  authored_definitions:
    - type: terminological
      text: "رابطة معنوية أو تفاعل اجتماعي ينشأ بين الأفراد أو الجماعات، وتتسم بالارتباط والتأثير المتبادل."
      quality_check:
        genus_present: true
        differentia_present: true
        circular: false
        passed: true
  actions:
    - command: update_definition
      params:
        synset_id: "awn4-13802931-n"
        definition_index: 0
        text: "رابطة معنوية أو تفاعل اجتماعي ينشأ بين الأفراد أو الجماعات، وتتسم بالارتباط والتأثير المتبادل."

step4_relations:
  hypernymy:
    current_hypernym: "تجريد ينتمي إلى كيانَيْن أو جزأَيْن معًا أو يميّزهما"
    test_result: "correct"
  antonymy:
    per_lemma:
      - lemma: "صِلَة"
        antonym_found: true
        antonym: "قَطِيعَة"

step5_enrichment:
  per_lemma:
    - lemma: "عَلَاقَة"
      enrichment:
        root: "ع-ل-ق"
      examples:
        - text: "تربطني بجيراني علاقة طيبة يسودها الاحترام المتبادل."
          type: usage
          source: "مؤلف"
    - lemma: "عَلَاقَة إِنْسَانِيَّة"
      enrichment:
        root: "ع-ل-ق"
      examples:
        - text: "تسعى الإدارة الناجحة إلى بناء علاقة إنسانية متينة مع الموظفين."
          type: usage
          source: "مؤلف"
    - lemma: "عَلَاقَة اِجْتِمَاعِيَّة"
      enrichment:
        root: "ع-ل-ق"
      examples:
        - text: "تعتبر المدرسة بيئة خصبة لتكوين أي علاقة اجتماعية جديدة للمتعلم."
          type: usage
          source: "مؤلف"
    - lemma: "صِلَة"
      enrichment:
        root: "و-ص-ل"
      examples:
        - text: "لم تنقطع صلة المودة بيننا رغم طول الغياب."
          type: usage
          source: "مؤلف"
    - lemma: "رَابِطَة"
      enrichment:
        root: "ر-ب-ط"
      examples:
        - text: "تجمعنا رابطة الدم واللغة والتاريخ المشترك."
          type: usage
          source: "مؤلف"
  cultural_fit:
    assessment: native
  actions:
    - command: add_synset_example
      params:
        synset_id: "awn4-13802931-n"
        text: "تربطني بجيراني علاقة طيبة يسودها الاحترام المتبادل."
    - command: add_synset_example
      params:
        synset_id: "awn4-13802931-n"
        text: "تسعى الإدارة الناجحة إلى بناء علاقة إنسانية متينة مع الموظفين."
EOF Syntax Errors: [ 'Error node: "<" at 0:0' ]
missing pgrep output
