YOLO mode is enabled. All tool calls will be automatically approved.
Loaded cached credentials.
YOLO mode is enabled. All tool calls will be automatically approved.
Bash command parsing error detected for command: << 'EOF' > /workspace/awn4-06025625-n.review.yaml
step0_evidence:
  per_lemma:
    - lemma: "فترة"
      expands:
        - text: "«فترة مغلقة: closed interval» — المعجم الموحد لمصطلحات الرياضيات والفلك (1990)"
      peripheral_observations:
        - "«الضعف والانكسار المدة تقع بين زمنيْن أو نبيين» — المعجم الوسيط"

step05_lemma_generation:
  evidence_candidates:
    - lemma: "مجال"
      source_section: "step5_english_bridge"
      evidence_citation: "«مجال مفتوح: open interval» — المعجم الموحد لمصطلحات الرياضيات والفلك (1990)"
      justification: "مجاز وإزاحة دلالية: مصطلح رياضي شائع في مناهج المغرب العربي وبلاد الشام كمرادف لمصطلح (فترة) للتعبير عن مجموعة القيم المحصورة بين طرفين."
  knowledge_candidates: []

step1_lemma_validation:
  per_lemma:
    - lemma: "فترة"
      decision: confirmed
      decision_reason: "مصطلح رياضي مستقر وشائع في المناهج العربية للتعبير عن المفهوم."
      evidence_assessment:
        case: "expands_only"
      substitution_test:
        result: "pass"
      nuance_differentiation: "شائعة الاستخدام في المناهج العربية المشرقية (كمصر ودول الخليج) للدلالة على مجموعة الأعداد الحقيقية بين طرفين."
      example: "يجب أن ينتمي المتغير إلى فترة محددة لكي يكون للمعادلة حل حقيقي."
      actions: []
    - lemma: "مجال"
      source: step05
      decision: confirmed
      decision_reason: "مصطلح رياضي أصيل ومستقر يُستخدم بكثرة في بعض الأقطار العربية كمرادف لمصطلح فترة."
      step05_citation: "«مجال مفتوح: open interval» — المعجم الموحد لمصطلحات الرياضيات والفلك (1990)"
      substitution_test:
        result: "pass"
      nuance_differentiation: "يُفضّل استخدام (مجال) في مناهج المغرب العربي وسوريا كمرادف للفترة، وقد يشير أحياناً وبشكل أعم إلى منطلق الدالة (domain)."
      example: "تتغير إشارة الدالة عندما ينتقل المتغير من مجال إلى آخر."
      actions:
        - command: create_entry
          params:
            lemma: "مجال"
            pos: n
        - command: add_sense
          params:
            entry_id: "{auto}"
            synset_id: "awn4-06025625-n"
  synset_flags:
    definition_review_needed: true
  added_lemmas:
    - lemma: "مجال"
      reason: "مصدر: الخطوة ٠٫٥"
      via_command: create_entry + add_sense

step3_definition:
  definition_review_flag: true
  current_definition: "مجموعة تحتوي على جميع النقاط (أو جميع الأعداد الحقيقية) الواقعة بين نقطتي نهاية معطيتين"
  assessment:
    decision: revise
    reason: "التعريف الحالي يبدو ترجمة حرفية لعبارة (two given endpoints). صياغته بأسلوب رياضي عربي سليم يزيد من جودته."
  authored_definitions:
    - type: terminological
      text: "مجموعة جزئية من الأعداد الحقيقية أو من النقاط على مستقيم، تحوي جميع الأعداد أو النقاط المحصورة بين طرفين معلومين."
      quality_check:
        genus_present: true
        differentia_present: true
        circular: false
        passed: true
  actions:
    - command: update_definition
      params:
        synset_id: "awn4-06025625-n"
        definition_index: 0
        text: "مجموعة جزئية من الأعداد الحقيقية أو من النقاط على مستقيم، تحوي جميع الأعداد أو النقاط المحصورة بين طرفين معلومين."

step4_relations:
  hypernymy:
    current_hypernym: "مجموعة"
    test_result: "correct"

step5_enrichment:
  per_lemma:
    - lemma: "فترة"
      enrichment:
        root: "ف-ت-ر"
      examples:
        - text: "يجب أن ينتمي المتغير إلى فترة محددة لكي يكون للمعادلة حل حقيقي."
          type: usage
          source: "مؤلَّف"
      pos_check:
        pos: noun
    - lemma: "مجال"
      enrichment:
        root: "ج-و-ل"
      examples:
        - text: "تتغير إشارة الدالة عندما ينتقل المتغير من مجال إلى آخر."
          type: usage
          source: "مؤلَّف"
      pos_check:
        pos: noun
  cultural_fit:
    assessment: native
  actions:
    - command: add_synset_example
      params:
        synset_id: "awn4-06025625-n"
        text: "يجب أن ينتمي المتغير إلى فترة محددة لكي يكون للمعادلة حل حقيقي."
    - command: add_synset_example
      params:
        synset_id: "awn4-06025625-n"
        text: "تتغير إشارة الدالة عندما ينتقل المتغير من مجال إلى آخر."
EOF Syntax Errors: [ 'Error node: "<" at 0:0' ]
missing pgrep output
