YOLO mode is enabled. All tool calls will be automatically approved.
Loaded cached credentials.
YOLO mode is enabled. All tool calls will be automatically approved.
Error executing tool read_file: File not found.
Bash command parsing error detected for command: << 'EOF' > /workspace/awn4-09285277-n.review.yaml
step0_evidence:
  per_lemma:
    - lemma: "قُصَاصَة"
      confirm:
        - text: "«ما قُصَّ من الهُدب والشعر والورق ونحوهما» — المعجم الوسيط"
        - text: "«ما يُقصُّ من الورق والعُشْب والظُّفر وغيره» — معجم اللغة العربية المعاصرة لأحمد مختار عمر"
      expands:
        - text: "«قطعة أو شريط من القماش تضاف إلى الملابس بغرض التزيين.» — مسرد صناعة النسيج"
          addition: "استعمال مخصص في صناعة النسيج بمعنى الزركشة المضافة"
    - lemma: "قِطْعَة مقطوعة"
      evidence_status: "no_material_found"

step05_lemma_generation:
  evidence_candidates:
    - lemma: "خُرْدَة"
      source_section: "step5_english_bridge"
      evidence_citation: "«مواد (معدنية أساسا) يتخلص منها أثناء عمليات التصنيع والتي قد تكون مناسبة لإعادة المعالجة.» — مسرد المناخ والبيئة"
      justification: "ترجمة لمصطلح scrap الإنجليزي، ولكنها مخصصة للمعادن غالباً."
  knowledge_candidates:
    - lemma: "جُذَاذَة"
      justification: "مجاز واشتقاق: على وزن (فُعَالَة) الذي يدل على ما يتساقط ويفضل من الشيء كالنجارة والنحاتة، والجذاذة ما كُسر أو قُطع من الشيء، واستقرت في العصر الحديث بمعنى القصاصة الورقية للملاحظات."
  generation_notes: "تم استبعاد (خردة) لاختصاصها بالمعادن، و(جذاذة) لغلبة استعمالها للمذكرات الورقية."

step1_lemma_validation:
  per_lemma:
    - lemma: "قُصَاصَة"
      decision: confirmed
      decision_reason: "مصطلح فصيح ومطرد وله شواهد معجمية متطابقة تماماً مع المفهوم على الوزن الصرفي (فُعَالَة) الدال على ما يسقط من الشيء."
      evidence_assessment:
        case: "mixed"
      substitution_test:
        result: "pass"
      nuance_differentiation: "اللفظة الأساسية والأدق للتعبير عن الأجزاء الصغيرة المقطوعة من ورق أو قماش أو شعر."
      example: "جمعت الفتاة قُصاصات الورق الملوّن لصنع لوحة فنّيّة."
    - lemma: "قِطْعَة مقطوعة"
      decision: removed
      decision_reason: "مركب وصفي حر وليس مصطلحاً مسكوكاً ثابتاً، ولا حاجة له بوجود اللفظة المفردة الدقيقة."
      evidence_assessment:
        case: "no_material_found"
      mwe_check:
        is_mwe: true
        accepted: false
      substitution_test:
        result: "fail"
      nuance_differentiation: "تعبير وصفي ركيك لتفسير المفهوم."
      actions:
        - command: remove_sense
          params:
            sense_id: "{auto}"
    - lemma: "خُرْدَة"
      source: step05
      decision: removed
      decision_reason: "استعمالها مخصص بشكل غالب لبقايا المعادن والآلات التالفة، ولا يطرد في الورق والقماش."
      step05_citation: "«مواد (معدنية أساسا) يتخلص منها أثناء عمليات التصنيع والتي قد تكون مناسبة لإعادة المعالجة.» — مسرد المناخ والبيئة"
      substitution_test:
        result: "fail"
      nuance_differentiation: "تختص ببقايا المعادن والآلات، بينما القصاصة أعم وأكثر ارتباطاً بالورق والقماش."
    - lemma: "جُذَاذَة"
      source: step05
      decision: removed
      decision_reason: "رغم دلالتها اللغوية الكلاسيكية على ما كُسر من الشيء، إلا أنها في الاستعمال الحديث تقابل بطاقة الملاحظات (slip/fiche) أكثر من مجرد القطعة المقطوعة."
      step05_citation: "«وُريقة تسجل عليها المعلومات» — معجم الصواب اللغوي"
      substitution_test:
        result: "fail"
      nuance_differentiation: "تدل عادة في العصر الحديث على بطاقة الفهرسة أو الملاحظات (fiche) أكثر من دلالتها المادية كقطعة مقطوعة ومهملة."

  synset_flags:
    definition_review_needed: true

step3_definition:
  definition_review_flag: true
  current_definition: "قطعة تم قصها من الجزء الرئيسي لشيء ما"
  assessment:
    decision: revise
    reason: "التعريف الحالي ركيك ويميل إلى الترجمة الحرفية، ويمكن صياغته بأسلوب معجمي عربي أمتن باستخدام دلالة الوزن (فُعَالَة)."
  authored_definitions:
    - type: terminological
      text: "ما يُقَصّ أو يُقْطَع ويسقط من أطراف الشيء كالورق والقماش ونحوهما."
      quality_check:
        genus_present: true
        differentia_present: true
        circular: false
        passed: true
  actions:
    - command: update_definition
      params:
        synset_id: "awn4-09285277-n"
        definition_index: 0
        text: "ما يُقَصّ أو يُقْطَع ويسقط من أطراف الشيء كالورق والقماش ونحوهما."

step4_relations:
  hypernymy:
    current_hypernym: "جُزْء"
    test_result: "correct"
  antonymy:
    per_lemma:
      - lemma: "قُصَاصَة"
        antonym_found: false
  verb_checks:
    applicable: false
  selectional_restrictions:
    - lemma: "قُصَاصَة"
      constraint: "تُستخدم غالباً مع المواد اللينة القابلة للقص كالورق، القماش، الشعر، النبات."

step5_enrichment:
  per_lemma:
    - lemma: "قُصَاصَة"
      enrichment:
        root: "ق-ص-ص"
      examples:
        - text: "تناثرت قُصاصاتُ الورق في أرجاء الغرفة بعد الانتهاء من تغليف الهدايا."
          type: usage
          source: "مؤلَّف"
      pos_check:
        pos: noun
  cultural_fit:
    assessment: native
  actions:
    - command: add_synset_example
      params:
        synset_id: "awn4-09285277-n"
        text: "تناثرت قُصاصاتُ الورق في أرجاء الغرفة بعد الانتهاء من تغليف الهدايا."
EOF Syntax Errors: [ 'Error node: "<" at 0:0' ]
missing pgrep output
