YOLO mode is enabled. All tool calls will be automatically approved.
Loaded cached credentials.
YOLO mode is enabled. All tool calls will be automatically approved.
Bash command parsing error detected for command: << 'EOF' > /workspace/awn4-13801456-n.review.yaml
step0_evidence:
  per_lemma:
    - lemma: "حجم"
      confirm:
        - text: "«حَجْمُ الإنتاج: كَمِّيَّتُهُ أَوْ جُمْلَةُ الحاصلِ منه»"
          source: "المعجم الكبير"
        - text: "«مقدار \"حجم واردات/ الإنتاج/ تضحيات- السَّيطرة على حَجْم رءوس الأموال\"»"
          source: "معجم اللغة العربية المعاصرة لأحمد مختار عمر"
      expands:
        - text: "«(الحجم) من كل شَيْء جرمه وَمِقْدَار جرمه»"
          source: "المعجم الوسيط لمجموعة من المؤلفين"

step05_lemma_generation:
  knowledge_candidates:
    - lemma: "مبلغ"
      justification: "الاشتقاق: من الجذر (ب-ل-غ) ليدل على ما يبلغه الشيء من كمية أو مقدار (مثل مبلغ المال، مبلغ العلم)."
    - lemma: "قدر"
      justification: "الاشتقاق: من القدر للدلالة على نصيب الشيء وقيمته المجردة واستخدامه للتعبير عن الكمية النسبية."

step1_lemma_validation:
  per_lemma:
    - lemma: "حجم"
      decision: confirmed
      decision_reason: "مصطلح معاصر وشائع ومستقر للتعبير عن الكمية النسبية للأنشطة والكيانات غير المادية."
      evidence_assessment:
        case: "mixed"
      substitution_test:
        result: "pass"
      nuance_differentiation: "يتميز عن المقدار والكمية باستعارته من الحجم المكاني ليدل على الضخامة أو السعة النسبية للمجردات (كحجم المبيعات)."
      example: "بلغ حجم التبادل التجاري بين البلدين مستويات غير مسبوقة."
    - lemma: "مبلغ"
      source: step05
      decision: removed
      decision_reason: "ارتباطه الأقوى بالكميات النقدية والمالية يجعله أضيق من المفهوم الشامل للكمية النسبية (volume)."
      step05_citation: "«مرشح من المعرفة اللغوية» — المحلل"
      substitution_test:
        result: "fail"
      nuance_differentiation: "يقتصر عادة على المبالغ المالية ولا يشمل جميع السياقات الممكنة للحجم النسبي."
    - lemma: "قدر"
      source: step05
      decision: removed
      decision_reason: "يدل على القيمة المطلقة أو النصيب ولا يعبر بوضوح عن السعة الإجمالية."
      step05_citation: "«مرشح من المعرفة اللغوية» — المحلل"
      substitution_test:
        result: "fail"
      nuance_differentiation: "أعم دلالة ولا يمتلك ظل السعة أو الضخامة الموجود في الحجم."
  synset_flags:
    definition_review_needed: true

step3_definition:
  definition_review_flag: true
  current_definition: "كمية نسبية"
  assessment:
    decision: revise
    reason: "التعريف الحالي ترجمة حرفية (a relative amount) ومقتضب جداً، ولا يوضح المعنى الاصطلاحي الشائع المرتبط بالسعة أو المقدار الإجمالي للأشياء المجردة."
  authored_definitions:
    - type: terminological
      text: "مقدار الشيء أو كميته الإجمالية، ويُستعمل غالباً للتعبير عن نطاق أو سعة الأشياء والكيانات غير المادية كالتجارة والإنتاج."
      quality_check:
        genus_present: true
        differentia_present: true
        circular: false
        passed: true
  actions:
    - command: update_definition
      params:
        synset_id: "awn4-13801456-n"
        definition_index: 0
        text: "مقدار الشيء أو كميته الإجمالية، ويُستعمل غالباً للتعبير عن نطاق أو سعة الأشياء والكيانات غير المادية كالتجارة والإنتاج."

step4_relations:
  hypernymy:
    current_hypernym: "awn4-00033914-n"
    test_result: "correct"
  antonymy:
    per_lemma:
      - lemma: "حجم"
        antonym_found: false
  verb_checks:
    applicable: false

step5_enrichment:
  per_lemma:
    - lemma: "حجم"
      enrichment:
        root: "ح-ج-م"
        figurative_relation: "metaphor"
      examples:
        - text: "بلغ حجم التبادل التجاري هذا العام مستويات قياسية."
          type: usage
          source: "مؤلَّف"
      pos_check:
        pos: noun
  cultural_fit:
    assessment: native
EOF Syntax Errors: [ 'Error node: "<" at 0:0' ]
missing pgrep output
