YOLO mode is enabled. All tool calls will be automatically approved.
Loaded cached credentials.
YOLO mode is enabled. All tool calls will be automatically approved.
Error executing tool read_file: File not found.
Bash command parsing error detected for command: << 'EOF' > /workspace/awn4-10281880-n.review.yaml
step0_evidence:
  per_lemma:
    - lemma: "مَانِعَة صَوَاعِق"
      expands:
        - text: "«مانعة الصواعق.» — المورد الحديث"
          addition: "المعجم يورد المعنى الحقيقي للأداة الفيزيائية (أداة توضع على المباني العالية لامتصاص البرق)، بينما مجموعة AWN تقصد المعنى المجازي المستعار (الشخص الذي يمتص الهجوم)."
    - lemma: "مِصَدّ لِلْانْتِقَادَات"
      expands:
        - text: "«مِصَدّ: حاجز من أشجار ونحوها، لصد الريح الشديدة عما يزرع.» — المعجم الكبير"
          addition: "المعجم يورد الكلمة الأساسية (مصد) بمعناها الحقيقي، والتركيب هنا يمثل الاستعمال المجازي المستقر في لغة الإعلام والسياسة."

step05_lemma_generation:
  knowledge_candidates:
    - lemma: "دَرِيئَة"
      justification: "مجاز: الدريئة في الأصل هي الحلقة التي يُتعلم عليها الطعن والرمي، أو ما يستتر به الصائد، وتُستعمل مجازاً للشخص الذي يُجعل هدفاً لسهام النقد والهجوم لتغطية غيره."
    - lemma: "مُمْتَصّ صَدَمَات"
      justification: "تركيب إضافي/مجاز: استعارة لتركيب هندسي يُطلق إعلامياً وسياسياً على من يتلقى ردود الفعل العنيفة ويخفف أثرها عن الجهة الأصلية."
  generation_notes: "المفهوم مجازي بالأساس (استعارة من عالم الفيزياء والهندسة إلى عالم السياسة والإدارة). الكلمات الإنجليزية والعربية المعاصرة تعتمد جميعها على هذا الانتقال المجازي لتأدية المفهوم."

step1_lemma_validation:
  per_lemma:
    - lemma: "مَانِعَة صَوَاعِق"
      decision: confirmed
      decision_reason: "مصطلح معاصر واسع الانتشار كترجمة مجازية مستقرة للمفهوم (Calque)، ويؤدي المعنى بوضوح."
      evidence_assessment:
        case: "expands"
      mwe_check:
        is_mwe: true
        accepted: true
      substitution_test:
        result: "pass"
      nuance_differentiation: "تركز على التلقي المفاجئ للهجوم الشديد وتفريغه لحماية الجهة الأصلية (تشبيه بالشحنات الكهربائية الخطرة)."
      example: "كان رئيس الوزراء بمنزلة مانعة صواعق لامتصاص غضب الشارع وتجنيب الحكومة الانتقادات المباشرة."
    
    - lemma: "مِصَدّ لِلْانْتِقَادَات"
      decision: confirmed
      decision_reason: "تركيب شبه اصطلاحي شائع الاستعمال ويحمل دلالة المفهوم بشكل صريح."
      evidence_assessment:
        case: "expands"
      mwe_check:
        is_mwe: true
        accepted: true
      substitution_test:
        result: "pass"
      nuance_differentiation: "تركز على تشكيل حاجز دائم لتلقي النقد المستمر ومنع وصوله للمسؤول الأول."
      example: "عمل المتحدث الرسمي كمصد للانتقادات الموجهة لقرارات الإدارة."

    - lemma: "دَرِيئَة"
      source: step05
      decision: confirmed
      decision_reason: "لفظ عربي فصيح وتراثي يحمل المعنى المجازي لتلقي السهام والهجمات للوقاية."
      step05_citation: "«الدَّرِيئَةُ: ما يَسْتَتِرُ به الصّائِدُ؛ من بَعير أو غيرِه؛ ليَخْتِلَ به الصَّيْدَ» — المعجم الكبير"
      substitution_test:
        result: "pass"
      nuance_differentiation: "لفظ تراثي يركز على معنى اتخاذ الشخص هدفاً مقصوداً لتلقي سهام النقد بدلاً من غيره."
      example: "جعله المدير دريئةً يتلقى عنه سهام النقد والهجوم لتمرير سياساته."
      actions:
        - command: create_entry
          params:
            lemma: "دَرِيئَة"
            pos: n
        - command: add_sense
          params:
            entry_id: "{auto}"
            synset_id: "awn4-10281880-n"

    - lemma: "مُمْتَصّ صَدَمَات"
      source: step05
      decision: confirmed
      decision_reason: "مصطلح مجازي شائع الاستعمال جداً في الصحافة للإشارة إلى الشخصيات التي تتلقى الصدمات السياسية أو الجماهيرية لحماية القيادة العليا."
      step05_citation: "اقتراح لغوي مستند إلى شيوع الاستعمال المجازي في الإعلام المكتوب والمسموع."
      substitution_test:
        result: "pass"
      nuance_differentiation: "تركز على تخفيف الآثار السلبية وتقليل حدة الهجمات دون بالضرورة صدها بالكامل."
      example: "تم تعيينه في هذا المنصب الشائك ليكون ممتص صدمات للقرارات الاقتصادية القاسية."
      actions:
        - command: create_entry
          params:
            lemma: "مُمْتَصّ صَدَمَات"
            pos: n
        - command: add_sense
          params:
            entry_id: "{auto}"
            synset_id: "awn4-10281880-n"

  synset_flags:
    definition_review_needed: false
  added_lemmas:
    - lemma: "دَرِيئَة"
      reason: "مصدر: الخطوة ٠٫٥"
      via_command: create_entry + add_sense
    - lemma: "مُمْتَصّ صَدَمَات"
      reason: "مصدر: الخطوة ٠٫٥"
      via_command: create_entry + add_sense

step3_definition:
  definition_review_flag: false
  current_definition: "شخص يكون هدفاً متكرراً لردود الفعل السلبية ويعمل على تشتيت الانتباه عن شخص آخر"
  assessment:
    decision: retain
    reason: "التعريف دقيق وواضح ويشرح المفهوم المجازي بأسلوب سليم ومناسب معجمياً."

step4_relations:
  hypernymy:
    current_hypernym: "عَامِل"
    test_result: "needs_closer"
  selectional_restrictions:
    - lemma: "مَانِعَة صَوَاعِق"
      constraint: "فاعل عاقل (مؤسسة أو شخص) في الاستعمال المجازي"

step5_enrichment:
  per_lemma:
    - lemma: "مَانِعَة صَوَاعِق"
      enrichment:
        root: "منع"
        figurative_relation: "metaphor"
      examples:
        - text: "كان رئيس الوزراء بمنزلة مانعة صواعق لامتصاص غضب الشارع وتجنيب الحكومة الانتقادات المباشرة."
          type: usage
          source: "مؤلَّف"
      pos_check:
        pos: noun
    - lemma: "مِصَدّ لِلْانْتِقَادَات"
      enrichment:
        root: "صدد"
        figurative_relation: "metaphor"
      examples:
        - text: "عمل المتحدث الرسمي كمصد للانتقادات الموجهة لقرارات الإدارة."
          type: usage
          source: "مؤلَّف"
      pos_check:
        pos: noun
    - lemma: "دَرِيئَة"
      enrichment:
        root: "درأ"
        figurative_relation: "metaphor"
      examples:
        - text: "جعله المدير دريئةً يتلقى عنه سهام النقد والهجوم لتمرير سياساته."
          type: usage
          source: "مؤلَّف"
      pos_check:
        pos: noun
    - lemma: "مُمْتَصّ صَدَمَات"
      enrichment:
        root: "مصص"
        figurative_relation: "metaphor"
      examples:
        - text: "تم تعيينه في هذا المنصب الشائك ليكون ممتص صدمات للقرارات الاقتصادية القاسية."
          type: usage
          source: "مؤلَّف"
      pos_check:
        pos: noun
  cultural_fit:
    assessment: native
EOF Syntax Errors: [ 'Error node: "<" at 0:0' ]
missing pgrep output
