YOLO mode is enabled. All tool calls will be automatically approved.
Loaded cached credentials.
YOLO mode is enabled. All tool calls will be automatically approved.
Error executing tool read_file: File not found.
Bash command parsing error detected for command: << 'EOF' > /workspace/awn4-09400037-n.review.yaml
step0_evidence:
  per_lemma:
    - lemma: "عرض البحر"
      confirm:
        - text: "«عُرض البحر: ذلك الجزء من وسط البحر الممكن رؤيته من الشاطئ»"
          source: "المورد الحديث (2008)"
      expands:
        - text: "«عُرْض البحر والنهر: وسطُه»"
          source: "المعجم الوسيط"

step05_lemma_generation:
  evidence_candidates: []
  knowledge_candidates:
    - lemma: "وسط البحر"
      justification: "تركيب إضافي يُستعمل للدلالة على الجزء الداخلي من البحر، استناداً إلى تفسير المعاجم الكلاسيكية لعُرض البحر بأنه 'وسطه'."
  generation_notes: "المصطلح المعجمي المسكوك لهذا المفهوم هو 'عُرض البحر'، والمصطلحات الأخرى وصفية."

step1_lemma_validation:
  per_lemma:
    - lemma: "عرض البحر"
      decision: confirmed
      decision_reason: "مصطلح مسكوك فصيح، موثق في المعاجم القديمة والحديثة."
      evidence_assessment:
        case: "confirm_only"
      mwe_check:
        is_mwe: true
        accepted: true
      substitution_test:
        result: "pass"
      nuance_differentiation: "مصطلح دقيق يشير إلى الامتداد البحري المرئي من الشاطئ (offing)."
      example: "لاحت لنا سفينة في عرض البحر."

    - lemma: "وسط البحر"
      source: step05
      decision: removed
      decision_reason: "تعبير وصفي حر وليس مصطلحا مسكوكا مستقلا يحمل الدلالة الاصطلاحية الدقيقة لـ (offing) المتمثلة في القابلية للرؤية من الشاطئ."
      step05_citation: "اقتراح مبني على المعرفة اللغوية"

step3_definition:
  definition_review_flag: false
  current_definition: "جزء البحر الذي يمكن رؤيته من الشاطئ ويقع بعد منطقة الرسو"
  assessment:
    decision: retain
    reason: "التعريف دقيق وواضح ويطابق تماماً المعنى المقصود للمفهوم الإنجليزي والمصطلح العربي."

step4_relations:
  hypernymy:
    current_hypernym: "مسطح مائي"
    test_result: "correct"

step5_enrichment:
  per_lemma:
    - lemma: "عرض البحر"
      enrichment:
        root: "ع-ر-ض"
      examples:
        - text: "لاحت لنا سفينة في عرض البحر."
          type: usage
          source: "مؤلَّف"
      pos_check:
        pos: noun
  cultural_fit:
    assessment: native
EOF Syntax Errors: [ 'Error node: "<" at 0:0' ]
missing pgrep output
