YOLO mode is enabled. All tool calls will be automatically approved.
Loaded cached credentials.
YOLO mode is enabled. All tool calls will be automatically approved.
Bash command parsing error detected for command: << 'EOF' > /workspace/awn4-10246936-n.review.yaml
step0_evidence:
  per_lemma:
    - lemma: "أَصْغَر سِنّاً"
      confirm:
        - text: "«(1) أَصْغَر سِنًّا (2) شخص أصغر [سِنًّا]»"
          source: "المورد الحديث (2008)"

step05_lemma_generation:
  evidence_candidates:
    - lemma: "أَصْغَر"
      source_section: "step5_english_bridge"
      evidence_citation: "«الأصغر: شخص أصغر سنًا من آخر» — المورد الحديث (2008) | «الأَصْغَرُ: أَقَلُّ القومِ قَدْرًا أو سِنًّا» — المعجم الكبير"
      justification: "لفظ فصيح وأصيل يقوم مقام الاسم للدلالة على من هو أقل عمراً بالمقارنة، وقد أوردته المعاجم بهذه الدلالة (اسم التفضيل)."
  knowledge_candidates:
    - lemma: "حَدَث"
      justification: "بطريق التوسع الدلالي: الحدث هو الفتى الصغير السن، ويمكن أن يتقاطع مع المفهوم في بعض السياقات، رغم أنه لا يتضمن معنى المقارنة (التفضيل) المباشر."
  generation_notes: "تم الاعتماد على استخلاص اسم التفضيل المباشر (أصغر) الذي يؤدي معنى المقارنة في السن."

step1_lemma_validation:
  per_lemma:
    - lemma: "أَصْغَر سِنّاً"
      decision: confirmed
      decision_reason: "تركيب شاع استعماله لرفع اللبس عن وجه الصغر وتخصيصه بالعمر دون الحجم، ويطابق تماماً المقابل الإنجليزي junior."
      evidence_assessment:
        case: "confirm_only"
      mwe_check:
        is_mwe: true
        accepted: true
      substitution_test:
        result: "pass"
      nuance_differentiation: "تعبير صريح وواضح في تخصيص المقارنة بالعمر بفضل وجود التمييز (سناً)."
      example: "تولى الشقيق الأكبر إدارة الشركة بينما تفرغ الأصغر سناً للدراسات العليا."
    - lemma: "أَصْغَر"
      source: step05
      decision: confirmed
      decision_reason: "لفظ فصيح يقوم مقام الاسم للتعبير عن من هو أقل عمراً (the younger)، وهو مثبت في المعاجم القديمة والحديثة."
      step05_citation: "«الأَصْغَرُ: أَقَلُّ القومِ قَدْرًا أو سِنًّا» — المعجم الكبير"
      substitution_test:
        result: "pass"
      nuance_differentiation: "مصطلح مفرد بوزن أفعل التفضيل، يتسم بالإيجاز ويدل ضمناً على المقارنة بين اثنين في السن أو القدر دون حاجة لتمييز في السياقات الواضحة."
      example: "قسم الأب التركة بين ولديه، ونال الأصغر نصيباً يضمن مستقبله."
      actions:
        - command: create_entry
          params:
            lemma: "أَصْغَر"
            pos: n
        - command: add_sense
          params:
            entry_id: "{auto}"
            synset_id: "awn4-10246936-n"
  added_lemmas:
    - lemma: "أَصْغَر"
      reason: "مصدر: الخطوة ٠٫٥"
      via_command: "create_entry + add_sense"

step3_definition:
  definition_review_flag: false
  current_definition: "الشخص الأصغر سناً بين اثنين"
  assessment:
    decision: retain
    reason: "التعريف دقيق وواضح ويطابق المعنى المعجمي للمجموعة الترادفية."

step4_relations:
  hypernymy:
    current_hypernym: "عَامِل / فَاعِل"
    test_result: "needs_closer"
  antonymy:
    per_lemma:
      - lemma: "أَصْغَر سِنّاً"
        antonym_found: true
        antonym: "أَكْبَر سِنّاً"
      - lemma: "أَصْغَر"
        antonym_found: true
        antonym: "أَكْبَر"
  verb_checks:
    applicable: false
  selectional_restrictions:
    - lemma: "أَصْغَر سِنّاً"
      constraint: "يُطلق عادة على العاقل (شخص) وأحياناً على الكائنات الحية الأخرى."

step5_enrichment:
  per_lemma:
    - lemma: "أَصْغَر سِنّاً"
      enrichment:
        root: "ص-غ-ر"
      examples:
        - text: "فضل الشاب الذي هو أصغر سناً أن يكتسب مزيداً من الخبرة قبل الترشح للمنصب."
          type: usage
          source: "مؤلَّف"
      pos_check:
        pos: noun
    - lemma: "أَصْغَر"
      enrichment:
        root: "ص-غ-ر"
      examples:
        - text: "كان الأصغر بين إخوته ومع ذلك أظهر نبوغاً مبكراً."
          type: usage
          source: "مؤلَّف"
      pos_check:
        pos: noun
  cultural_fit:
    assessment: native
  actions:
    - command: add_synset_example
      params:
        synset_id: "awn4-10246936-n"
        text: "كان الأصغر بين إخوته ومع ذلك أظهر نبوغاً مبكراً."
EOF Syntax Errors: [ 'Error node: "<" at 0:0' ]
missing pgrep output
