YOLO mode is enabled. All tool calls will be automatically approved.
Loaded cached credentials.
YOLO mode is enabled. All tool calls will be automatically approved.
Attempt 1 failed: You have exhausted your capacity on this model. Your quota will reset after 0s.. Retrying after 5776ms...
Attempt 2 failed: You have exhausted your capacity on this model. Your quota will reset after 0s.. Retrying after 10388ms...
Bash command parsing error detected for command: << 'EOF' > /workspace/awn4-09981893-n.review.yaml
step0_evidence:
  per_lemma:
    - lemma: "مُتَحَوِّل"
      evidence_status: "no_material_found"
      peripheral_observations:
        - "المعاجم المعاصرة تورد الفعل «تحوَّل» بمعنى الانتقال من دين أو مذهب إلى آخر، واسم الفاعل منه «مُتَحَوِّل»."
    - lemma: "مُعْتَنِق"
      evidence_status: "no_material_found"
      peripheral_observations:
        - "يرد في المعاجم بمعنى مَن دانَ بمذهب أو دين، مثل «معتنق لمذهب البقراطية»."

step05_lemma_generation:
  evidence_candidates:
    - lemma: "مُهْتَدٍ"
      source_section: "step5_english_bridge"
      evidence_citation: "«المهتدي [إلى دين أو مذهب جديد]» — المورد الحديث"
      justification: "ترجمة معجمية دقيقة لمعنى Convert في السياق الديني."
  knowledge_candidates:
    - lemma: "مُرْتَدّ"
      justification: "اشتقاق: اسم فاعل من الفعل «ارتد»، وهو مصطلح فقهي يُطلق على من يتحول عن دينه (وخاصة الإسلام) إلى دين آخر، ولكنه يحمل دلالة سلبية، ويمثل مقابلاً لمفهوم المهتدي."

step1_lemma_validation:
  per_lemma:
    - lemma: "مُتَحَوِّل"
      decision: confirmed
      decision_reason: "مصطلح معاصر وشائع الاستعمال لوصف من يغيّر معتقده الديني أو السياسي بشكل محايد."
      evidence_assessment:
        case: "no_material"
      substitution_test:
        result: "pass"
      nuance_differentiation: "يركز على عملية الانتقال والتغيير من حالة إلى أخرى، وهو مصطلح محايد."
      example: "واجه المتحول إلى الدين الجديد صعوبات في التأقلم مع مجتمعه الأصلي."
    - lemma: "مُعْتَنِق"
      decision: confirmed
      decision_reason: "مصطلح فصيح وشائع للتعبير عمن يتخذ عقيدة أو مذهباً، واسم الفاعل من «اعتنق»."
      evidence_assessment:
        case: "no_material"
      substitution_test:
        result: "pass"
      nuance_differentiation: "يركز على عملية تبني العقيدة الجديدة واحتضانها، غالباً ما يحتاج إلى مضاف إليه لبيان المعتنَق."
      example: "أصبح المعتنق للمذهب الجديد أكثر تشدداً في الدفاع عن مبادئه."
    - lemma: "مُهْتَدٍ"
      source: step05
      decision: confirmed
      decision_reason: "مصطلح شائع ومثبت معجمياً في التعبير عن التحول الديني بنظرة إيجابية (من وجهة نظر الدين المعتنَق)."
      step05_citation: "«المهتدي [إلى دين أو مذهب جديد]» — المورد الحديث"
      substitution_test:
        result: "pass"
      nuance_differentiation: "يحمل دلالة إيجابية، ويركز على الوصول إلى «الحق» أو الطريق الصحيح بعد الضلال، ويُستخدم غالباً في السياق الديني البحت."
      example: "أسس المركز قسماً خاصاً لتعليم المهتدين الجدد أصول الدين."
      actions:
        - command: create_entry
          params:
            lemma: "مُهْتَدٍ"
            pos: n
        - command: add_sense
          params:
            entry_id: "{auto}"
            synset_id: "awn4-09981893-n"
    - lemma: "مُرْتَدّ"
      source: step05
      decision: removed
      decision_reason: "يحمل دلالة دينية محددة (إسلامية) وسلبية، ولا يغطي المعنى العام المحايد والمزدوج (ديني/سياسي) لـ convert."
      step05_citation: "معرفة لغوية"

  synset_flags:
    definition_review_needed: false
  added_lemmas:
    - lemma: "مُهْتَدٍ"
      reason: "مصدر: الخطوة ٠٫٥"
      via_command: create_entry + add_sense

step3_definition:
  definition_review_flag: false
  current_definition: "شخص تحول إلى معتقد ديني أو سياسي آخر"
  assessment:
    decision: retain
    reason: "التعريف دقيق وواضح ويغطي المعنى المقصود بأسلوب معجمي سليم."

step4_relations:
  hypernymy:
    current_hypernym: "عَامِل"
    test_result: "correct"
  antonymy:
    per_lemma:
      - lemma: "مُتَحَوِّل"
        antonym_found: false
      - lemma: "مُعْتَنِق"
        antonym_found: false
      - lemma: "مُهْتَدٍ"
        antonym_found: true
        antonym: "مُرْتَدّ"
  verb_checks:
    applicable: false
  selectional_restrictions:
    - lemma: "مُتَحَوِّل"
      constraint: "فاعل عاقل"

step5_enrichment:
  per_lemma:
    - lemma: "مُتَحَوِّل"
      enrichment:
        root: "حول"
      examples:
        - text: "واجه المتحول إلى الدين الجديد صعوبات في التأقلم مع مجتمعه الأصلي."
          type: usage
          source: "مؤلَّف"
      pos_check:
        pos: noun
    - lemma: "مُعْتَنِق"
      enrichment:
        root: "عنق"
      examples:
        - text: "أصبح المعتنق للمذهب الجديد أكثر تشدداً في الدفاع عن مبادئه."
          type: usage
          source: "مؤلَّف"
      pos_check:
        pos: noun
    - lemma: "مُهْتَدٍ"
      enrichment:
        root: "هدي"
      examples:
        - text: "أسس المركز قسماً خاصاً لتعليم المهتدين الجدد أصول الدين."
          type: usage
          source: "مؤلَّف"
      pos_check:
        pos: noun
  cultural_fit:
    assessment: native
EOF Syntax Errors: [ 'Error node: "<" at 0:0' ]
missing pgrep output
Attempt 1 failed: You have exhausted your capacity on this model. Your quota will reset after 0s.. Retrying after 5023ms...
