YOLO mode is enabled. All tool calls will be automatically approved.
Loaded cached credentials.
YOLO mode is enabled. All tool calls will be automatically approved.
Error executing tool read_file: File not found.
Bash command parsing error detected for command: << 'EOF' > /workspace/awn4-09488925-n.review.yaml
step0_evidence:
  per_lemma:
    - lemma: "خلية الوحدة"
      evidence_status: "no_material_found"
    - lemma: "وحدة الخلية"
      confirm:
        - text: "«وحدة الخلية — unit cell»"
          source: "المعجم الموحد لمصطلحات الجيولوجيا (2000)"
        - text: "«وحدة الخلية — unit cell»"
          source: "المعجم الموحد لمصطلحات علوم الزلازل (1999)"

step05_lemma_generation:
  evidence_candidates:
    - lemma: "خلية لبنة"
      source_section: "step5_english_bridge"
      evidence_citation: "«خلية (ال...) اللبنة — unit cell» — المعجم الموحد لمصطلحات الفيزياء العامة والنووية (1989)"
      justification: "مصطلح علمي معتمد لترجمة unit cell يصف الوظيفة البنائية للخلية بوصفها لبنة أساسية (بآلية التركيب الوصفي)."
  knowledge_candidates:
    - lemma: "وحدة بلورية"
      justification: "تركيب وصفي يعبر عن المعنى العام لكونها الوحدة الأساسية لبناء البلورة، إلا أنه أوسع قليلاً من مصطلح الخلية."
  generation_notes: "ترجمة unit cell في الفيزياء والكيمياء وعلوم المواد استقرت في الغالب على (خلية الوحدة) كترجمة استعارية، و(وحدة الخلية) في بعض المعاجم."

step1_lemma_validation:
  per_lemma:
    - lemma: "خلية الوحدة"
      decision: confirmed
      decision_reason: "مصطلح تقني مستقر وشائع الاستعمال في الفيزياء الكيميائية وعلوم المواد كترجمة قياسية لـ unit cell."
      evidence_assessment:
        case: "no_material"
      mwe_check:
        is_mwe: true
        accepted: true
      substitution_test:
        result: "pass"
      nuance_differentiation: "أشهر مرادف متداول في المراجع العلمية العربية المعاصرة؛ تركيب إضافي يركز على كون الخلية هي التي تمثل الوحدة."
      example: "يعتمد شكل البلورة على أبعاد وزوايا خلية الوحدة التي تتكون منها."
    
    - lemma: "وحدة الخلية"
      decision: confirmed
      decision_reason: "مصطلح تقني معتمد في المعاجم المتخصصة الحديثة ويؤدي المعنى الاصطلاحي للوحدة المكونة للشبكة البلورية."
      evidence_assessment:
        case: "confirm_only"
      mwe_check:
        is_mwe: true
        accepted: true
      substitution_test:
        result: "pass"
      nuance_differentiation: "معتمد رسميا في معاجم مصطلحات علوم الأرض؛ يركز على الوحدة بوصفها الأساس الذي تبنى عليه الخلية أو الشبكة."
      example: "تم تحديد أبعاد وحدة الخلية باستخدام تقنية حيود الأشعة السينية."

    - lemma: "خلية لبنة"
      source: step05
      decision: confirmed
      decision_reason: "مصطلح معتمد في المعجم الموحد لمصطلحات الفيزياء كمقابل مباشر لـ unit cell، ويمتاز بوضوح الدلالة."
      step05_citation: "«خلية (ال...) اللبنة — unit cell» — المعجم الموحد لمصطلحات الفيزياء العامة والنووية"
      mwe_check:
        is_mwe: true
        accepted: true
      substitution_test:
        result: "pass"
      nuance_differentiation: "يبرز الوظيفة البنائية للخلية من خلال وصفها باللبنة (بآلية الوصف)، مما يجعله أكثر وضوحا من الناحية الدلالية."
      example: "تتكرر خلية لبنة في الفضاء الثلاثي الأبعاد لتكوين البنية البلورية بأكملها."
      actions:
        - command: create_entry
          params:
            lemma: "خلية لبنة"
            pos: n
        - command: add_sense
          params:
            entry_id: "{auto}"
            synset_id: "awn4-09488925-n"

  synset_flags:
    definition_review_needed: false
    split_needed: false
  added_lemmas:
    - lemma: "خلية لبنة"
      reason: "مصدر: الخطوة ٠٫٥"
      via_command: create_entry + add_sense

step3_definition:
  definition_review_flag: false
  current_definition: "أصغر مجموعة من الذرات أو الجزيئات التي ينتج عن تكرارها بانتظام في ثلاثة أبعاد شبكات البلورة"
  assessment:
    decision: retain
    reason: "التعريف العلمي دقيق وشامل ويصف بوضوح مفهوم خلية الوحدة في علم البلورات."

step4_relations:
  hypernymy:
    current_hypernym: "awn4-09488589-n"
    test_result: "correct"
  antonymy: {}
  verb_checks:
    applicable: false
  selectional_restrictions: []

step5_enrichment:
  per_lemma:
    - lemma: "خلية الوحدة"
      enrichment:
        root: "خ-ل-ي"
        etymology: "calque"
      examples:
        - text: "يعتمد شكل البلورة على أبعاد وزوايا خلية الوحدة التي تتكون منها."
          type: usage
          source: "مؤلَّف"
      pos_check:
        pos: noun
    
    - lemma: "وحدة الخلية"
      enrichment:
        root: "و-ح-د"
        etymology: "calque"
      examples:
        - text: "تم تحديد أبعاد وحدة الخلية باستخدام تقنية حيود الأشعة السينية."
          type: usage
          source: "مؤلَّف"
      pos_check:
        pos: noun
        
    - lemma: "خلية لبنة"
      enrichment:
        root: "خ-ل-ي"
      examples:
        - text: "تتكرر الخلية اللبنة في الفضاء الثلاثي الأبعاد لتكوين البنية البلورية بأكملها."
          type: usage
          source: "مؤلَّف"
      pos_check:
        pos: noun

  cultural_fit:
    assessment: native
  actions:
    - command: add_synset_example
      params:
        synset_id: "awn4-09488925-n"
        text: "يعتمد شكل البلورة على أبعاد وزوايا خلية الوحدة التي تتكون منها."
EOF Syntax Errors: [ 'Error node: "<" at 0:0' ]
missing pgrep output
