YOLO mode is enabled. All tool calls will be automatically approved.
Loaded cached credentials.
YOLO mode is enabled. All tool calls will be automatically approved.
Bash command parsing error detected for command: << 'EOF' > /workspace/awn4-07125323-n.review.yaml
step0_evidence:
  per_lemma:
    - lemma: "صوت"
      confirm:
        - text: "«مجموع الأمواج الصوتية المنتجة في الحنجرة بذبذبة الحبال الصوتية تحت ضغط الهواء الواقع أسفل الحنجرة»"
          source: "مسرد الإعلام والتواصل"
      expands:
        - text: "«الأثر السمعي الذي تحدثه تموجات ناشئة من اهتزاز جسم ما»"
          source: "المعجم الوسيط"
        - text: "«كل ضرب من الغناء»"
          source: "المعجم الكبير"
    - lemma: "لفظ"
      expands:
        - text: "«ما يلفظ به الإنسان من الكلمات»"
          source: "المعجم الوسيط"
      contradicts:
        - text: "«ما يتلفظ به الإنسان حقيقة أو حكما مهملا كان أو مستعملا»"
          source: "التوقيف على مهمات التعاريف"
          conflict: "اللفظ يشمل الكلمات المنطوقة والمكتوبة (حكماً) والمقاطع المعجمية، بينما تعريف المجموعة يقتصر على الأثر الصوتي الفيزيائي البحت."

step05_lemma_generation:
  evidence_candidates:
    - lemma: "تصويت"
      source_section: "step5_english_bridge"
      evidence_citation: "«التصويت هو إرسال أصوات اللغة... وإنتاج الصوت باهتزاز الحبال الصوتية» — المعجم الموحد لمصطلحات اللسانيات"
      justification: "مصدر اشتقاقي يعبر عن المفهوم الموصوف في التعريف (Phonation) ويدل على عملية إنتاج الصوت البشري."
  knowledge_candidates:
    - lemma: "نطق"
      justification: "اشتقاق مجازي يطلق على عملية إصدار الأصوات البشرية، وهو مرادف للفظ والتصويت في هذا السياق."

step1_lemma_validation:
  per_lemma:
    - lemma: "صوت"
      decision: confirmed
      decision_reason: "المصطلح الأدق والأكثر شيوعاً للمفهوم."
      evidence_assessment:
        case: "mixed"
      substitution_test:
        result: "pass"
      nuance_differentiation: "مصطلح عام يشير إلى الأثر الفيزيائي والسمعي لاهتزاز الأوتار الصوتية."
      example: "فقد المغني صوته بسبب إجهاد حنجرته في التدريب."
      
    - lemma: "لفظ"
      decision: confirmed
      decision_reason: "مرادف متداول يشير إلى نتاج التصويت والكلام، وإن كان يميل للدلالة على البنية اللغوية (الكلمة المنطوقة)."
      evidence_assessment:
        case: "mixed"
      substitution_test:
        result: "pass"
      nuance_differentiation: "يركز على الجانب اللغوي والملفوظ (الكلمة أو المقطع) ونواتج النطق، بينما (صوت) يركز على المادة الصوتية الفيزيائية."
      example: "تميز الخطيب بوضوح اللفظ وحسن الإلقاء."

    - lemma: "تصويت"
      source: step05
      decision: confirmed
      decision_reason: "مصطلح علمي دقيق يعبر عن العملية الفيزيولوجية لإنتاج الصوت (Phonation)."
      step05_citation: "«التصويت هو إرسال أصوات اللغة... وإنتاج الصوت باهتزاز الحبال الصوتية» — المعجم الموحد لمصطلحات اللسانيات"
      substitution_test:
        result: "pass"
      nuance_differentiation: "يبرز الحدث والعملية الديناميكية لإحداث الصوت البشري (المصدر) أكثر من مجرد الأثر الصوتي الساكن."
      example: "يعتمد التصويت السليم على سلامة الأوتار الصوتية والمسالك التنفسية."
      actions:
        - command: create_entry
          params:
            lemma: "تصويت"
            pos: n
        - command: add_sense
          params:
            entry_id: "{auto}"
            synset_id: "awn4-07125323-n"

  added_lemmas:
    - lemma: "تصويت"
      reason: "مصدر: الخطوة ٠٫٥"
      via_command: "create_entry + add_sense"

step3_definition:
  definition_review_flag: false
  current_definition: "الصوت الناتج عن اهتزاز الأحبال الصوتية المعدل برنين المسالك الصوتية"
  assessment:
    decision: retain
    reason: "التعريف دقيق علمياً ومصاغ بأسلوب اصطلاحي ممتاز ويطابق المعنى المطلوب."

step4_relations:
  hypernymy:
    current_hypernym: "اتِّصَال / تَوَاصُل"
    test_result: "correct"
  antonymy:
    per_lemma:
      - lemma: "صوت"
        antonym_found: false
      - lemma: "لفظ"
        antonym_found: false
      - lemma: "تصويت"
        antonym_found: false
  verb_checks:
    applicable: false
  selectional_restrictions:
    - lemma: "صوت"
      constraint: "كائن حي ذو حنجرة (غالباً إنسان)"

step5_enrichment:
  per_lemma:
    - lemma: "صوت"
      enrichment:
        root: "ص-و-ت"
      examples:
        - text: "وَاغْضُضْ مِن صَوْتِكَ إِنَّ أَنكَرَ الْأَصْوَاتِ لَصَوْتُ الْحَمِيرِ"
          type: "quran"
          source: "سورة لقمان الآية 19"
      morphology:
        broken_plural_link: "أَصْوَات"
      pos_check:
        pos: noun
    - lemma: "لفظ"
      enrichment:
        root: "ل-ف-ظ"
      examples:
        - text: "استخدم الشاعر ألفاظاً جزلة في قصيدته للتعبير عن مشاعره."
          type: "usage"
          source: "مؤلَّف"
      morphology:
        broken_plural_link: "أَلْفَاظ"
      pos_check:
        pos: noun
    - lemma: "تصويت"
      enrichment:
        root: "ص-و-ت"
      examples:
        - text: "تدرس اللسانيات الفيزيولوجية آليات التصويت البشري ومخارج الحروف."
          type: "usage"
          source: "مؤلَّف"
      pos_check:
        pos: noun
  cultural_fit:
    assessment: native
EOF Syntax Errors: [ 'Error node: "<" at 0:0' ]
missing pgrep output
