YOLO mode is enabled. All tool calls will be automatically approved.
Loaded cached credentials.
YOLO mode is enabled. All tool calls will be automatically approved.
Error executing tool read_file: File not found.
Bash command parsing error detected for command: << 'EOF' > /workspace/awn4-09498422-n.review.yaml
step0_evidence:
  per_lemma:
    - lemma: "شلال"
      confirm:
        - text: "«سقوطٌ عمودىٌّ فى مَجْرَى النَّهْر, يَنْشَأ من اختلافِ مقاومةِ صخورِ قاعه للنَّحْتِ.»"
          source: "المعجم الكبير"
        - text: "«سقوطٌ فجائيٌّ في مَجْرَى النَّهْر, ينشأ من اختلاف مقاومة صخور قاعه للنَّحْت»"
          source: "المعجم الوسيط"
      peripheral_observations:
        - "شلال العين: مرض طبي يصيب العين وتضعف قدرتها على الإبصار."

step05_lemma_generation:
  evidence_candidates:
    - lemma: "مَسْقَط ماء"
      source_section: "step5_english_bridge"
      evidence_citation: "«شلّال؛ مَسقط ماء» — المورد الحديث"
      justification: "تركيب إضافي شائع في المعاجم ثنائية اللغة للتعبير عن انحدار المياه."
    - lemma: "مَسْقَط مائي"
      source_section: "step5_english_bridge"
      evidence_citation: "«شلال أو مسقط مائي» — المعجم الموحد لمصطلحات المياه"
      justification: "تركيب وصفي مستخدم في المصطلحات الهندسية المائية لرديف الشلال."

step1_lemma_validation:
  per_lemma:
    - lemma: "شلال"
      decision: confirmed
      decision_reason: "مصطلح أصيل ومطرد وشائع للتعبير عن انحدار المياه في مجرى النهر، وله وزن صرفي (فَعَّال) يفيد المبالغة."
      evidence_assessment:
        case: "confirm_only"
      substitution_test:
        result: "pass"
      nuance_differentiation: "اللفظ الأكثر شيوعاً وعمومية لوصف الانحدار المائي العمودي."
      example: "تتدفق مياه النهر بقوة لتشكل شلالاً رائع المنظر."
    - lemma: "مسقط ماء"
      source: step05
      decision: confirmed
      decision_reason: "تركيب إضافي ثابت معجمياً، يفيد مكان سقوط الماء، وهو مرادف مباشر للشلال."
      step05_citation: "«شلّال؛ مَسقط ماء» — المورد الحديث"
      substitution_test:
        result: "pass"
      mwe_check:
        is_mwe: true
        accepted: true
        mwe_type: إضافي
      nuance_differentiation: "مصطلح يركّز على الناحية الوظيفية والمكانية لسقوط المياه."
      example: "يولد مسقط الماء طاقة حركية هائلة يمكن استغلالها."
      actions:
        - command: create_entry
          params:
            lemma: "مسقط ماء"
            pos: n
        - command: add_sense
          params:
            entry_id: "{auto}"
            synset_id: "awn4-09498422-n"
    - lemma: "مسقط مائي"
      source: step05
      decision: confirmed
      decision_reason: "تركيب وصفي مستقر في المعاجم العلمية (الهندسية والمائية) لوصف الشلال."
      step05_citation: "«شلال أو مسقط مائي» — المعجم الموحد لمصطلحات المياه"
      substitution_test:
        result: "pass"
      mwe_check:
        is_mwe: true
        accepted: true
        mwe_type: وصفي
      nuance_differentiation: "مصطلح تقني هندسي يكثر استعماله في هندسة المياه والسدود."
      example: "تم تصميم مسقط مائي في السد لتخفيف ضغط المياه."
      actions:
        - command: create_entry
          params:
            lemma: "مسقط مائي"
            pos: n
        - command: add_sense
          params:
            entry_id: "{auto}"
            synset_id: "awn4-09498422-n"
  synset_flags:
    definition_review_needed: false
  added_lemmas:
    - lemma: "مسقط ماء"
      reason: "مصدر: الخطوة ٠٫٥"
      via_command: create_entry + add_sense
    - lemma: "مسقط مائي"
      reason: "مصدر: الخطوة ٠٫٥"
      via_command: create_entry + add_sense

step3_definition:
  definition_review_flag: false
  current_definition: "انحدار حاد لمياه النهر"
  assessment:
    decision: retain
    reason: "التعريف دقيق وواضح ويعبر عن المفهوم بسلاسة ويطابق التعريف الإنجليزي والأدلة المعجمية."

step4_relations:
  hypernymy:
    current_hypernym: "مسطح مائي"
    test_result: "correct"
  antonymy:
    per_lemma:
      - lemma: "شلال"
        antonym_found: false
      - lemma: "مسقط ماء"
        antonym_found: false
      - lemma: "مسقط مائي"
        antonym_found: false
  verb_checks:
    applicable: false
  selectional_restrictions:
    - lemma: "شلال"
      constraint: "يرتبط بالطبيعة ومجاري الأنهار"

step5_enrichment:
  per_lemma:
    - lemma: "شلال"
      enrichment:
        root: "ش-ل-ل"
      examples:
        - text: "تتدفق مياه النهر بقوة لتشكل شلالاً رائع المنظر."
          type: usage
          source: "مؤلَّف"
      pos_check:
        pos: noun
    - lemma: "مسقط ماء"
      enrichment:
        root: "س-ق-ط"
      examples:
        - text: "يولد مسقط الماء طاقة حركية هائلة يمكن استغلالها."
          type: usage
          source: "مؤلَّف"
      pos_check:
        pos: noun
    - lemma: "مسقط مائي"
      enrichment:
        root: "س-ق-ط"
      examples:
        - text: "تم تصميم مسقط مائي في السد لتخفيف ضغط المياه."
          type: usage
          source: "مؤلَّف"
      pos_check:
        pos: noun
  cultural_fit:
    assessment: native
  actions:
    - command: add_synset_example
      params:
        synset_id: "awn4-09498422-n"
        text: "تتدفق مياه النهر بقوة لتشكل شلالاً رائع المنظر."
EOF Syntax Errors: [ 'Error node: "<" at 0:0' ]
missing pgrep output
