YOLO mode is enabled. All tool calls will be automatically approved.
Loaded cached credentials.
YOLO mode is enabled. All tool calls will be automatically approved.
Attempt 1 failed: You have exhausted your capacity on this model. Your quota will reset after 0s.. Retrying after 5962ms...
Bash command parsing error detected for command: << 'EOF' > /workspace/awn4-10256539-n.review.yaml
step0_evidence:
  per_lemma:
    - lemma: "شَاذّ"
      confirm:
        - text: "«(فى عِلْمِ النَّفْسِ): ما يَنْحرِفُ عن النَّمَطِ السَّوِيِّ, وتُسْتَعْمَلُ صِفَةً للنَّمَطِ أو السُّلُوكِ, ومنه الشَّاذُّ جنسيًّا» — المعجم الكبير"
        - text: "«pervert» — المعجم الطبي الموحد (2009)"
    - lemma: "مُنْحَرِف جِنْسِيّاً"
      confirm:
        - text: "«sexual deviant» — المعجم الطبي الموحد (2009)"

step05_lemma_generation:
  evidence_candidates:
    - lemma: "شَاذّ جِنْسِيًّا"
      source_section: "step4_fts_keyword"
      evidence_citation: "«(فى عِلْمِ النَّفْسِ): ما يَنْحرِفُ عن النَّمَطِ السَّوِيِّ, وتُسْتَعْمَلُ صِفَةً للنَّمَطِ أو السُّلُوكِ, ومنه الشَّاذُّ جنسيًّا» — المعجم الكبير"
      justification: "تركيب وصفي متداول وموثق معجمياً، يخصص معنى الشذوذ بالناحية الجنسية بشكل مباشر ويتوافق مع المفهوم."
  knowledge_candidates:
    - lemma: "مُولَع بِالشُّذُوذِ"
      justification: "تركيب: باستخدام التخصيص، لوصف حالة الولع بالممارسات غير المعتادة (kink)."
  generation_notes: "التركيب هو الأداة الأفضل هنا لتجنب إطلاق كلمة 'شاذ' التي قد تنصرف لمعانٍ أخرى."

step1_lemma_validation:
  per_lemma:
    - lemma: "شَاذّ"
      decision: confirmed
      decision_reason: "مستعملة بكثرة في السياق العربي للدلالة على الشذوذ بصفة عامة وفي السياق الجنسي بصفة خاصة، وموثقة معجمياً."
      evidence_assessment:
        case: "confirm_only"
      substitution_test:
        result: "pass"
      nuance_differentiation: "تعبير عام عن الانحراف، وعند الإطلاق في السياق المعاصر ينصرف غالباً إلى الشذوذ الجنسي."
      example: "نظرت المجتمعات القديمة إلى الشَّاذِّ نظرةَ ريبةٍ وتوجس."
    - lemma: "مُنْحَرِف جِنْسِيّاً"
      decision: confirmed
      decision_reason: "مصطلح علمي وطبي دقيق يصف الحالة بوضوح دون التباس."
      evidence_assessment:
        case: "confirm_only"
      mwe_check:
        is_mwe: true
        accepted: true
      substitution_test:
        result: "pass"
      nuance_differentiation: "أكثر دقة وعلمية من كلمة 'شاذ' بمفردها، ويشمل كافة الانحرافات والولع غير المعتاد."
      example: "تتعدد المقاربات النفسية في التعامل مع المُنْحَرِفِ جِنْسِيًّا لتقويم سلوكه."
    - lemma: "شَاذّ جِنْسِيًّا"
      source: step05
      decision: confirmed
      decision_reason: "تعبير اصطلاحي دقيق وموثق في المعاجم الحديثة لتقييد الشذوذ بالناحية الجنسية."
      step05_citation: "«ومنه الشَّاذُّ جنسيًّا» — المعجم الكبير"
      mwe_check:
        is_mwe: true
        accepted: true
      substitution_test:
        result: "pass"
      nuance_differentiation: "مرادف لـ 'منحرف جنسياً'، ولكنه أوسع انتشاراً في التداول الإعلامي والعام مقارنة بالأخير."
      example: "لا يجوز التنمر على من أظهر سلوكاً شاذًّا جنسيًّا، بل ينبغي توجيهه."
      actions:
        - command: create_entry
          params:
            lemma: "شَاذّ جِنْسِيًّا"
            pos: n
        - command: add_sense
          params:
            entry_id: "{auto}"
            synset_id: "awn4-10256539-n"
  synset_flags:
    definition_review_needed: false
    split_needed: false
  added_lemmas:
    - lemma: "شَاذّ جِنْسِيًّا"
      reason: "مصدر: الخطوة ٠٫٥"
      via_command: create_entry + add_sense

step3_definition:
  definition_review_flag: false
  current_definition: "شخص ذو ميول جنسية غير عادية"
  assessment:
    decision: retain
    reason: "التعريف دقيق وموجز ويؤدي المعنى بوضوح دون حاجة للتعديل."

step4_relations:
  hypernymy:
    current_hypernym: "awn4-09786620-n"
    test_result: "wrong"
  antonymy:
    per_lemma:
      - lemma: "شَاذّ"
        antonym_found: true
        antonym: "سَوِيّ"
      - lemma: "مُنْحَرِف جِنْسِيّاً"
        antonym_found: false
      - lemma: "شَاذّ جِنْسِيًّا"
        antonym_found: true
        antonym: "سَوِيّ جِنْسِيًّا"
  verb_checks:
    applicable: false
  selectional_restrictions:
    - lemma: "شَاذّ"
      constraint: "يُطلق على العاقل (الإنسان) أساساً في هذا السياق، وقد يوصف به السلوك."
  actions:
    - command: remove_synset_relation
      params:
        source_id: "awn4-10256539-n"
        relation_type: "hypernym"
        target_id: "awn4-09786620-n"

step5_enrichment:
  per_lemma:
    - lemma: "شَاذّ"
      enrichment:
        root: "ش-ذ-ذ"
      examples:
        - text: "نظرت المجتمعات القديمة إلى الشَّاذِّ نظرةَ ريبةٍ وتوجس."
          type: usage
          source: "مؤلَّف"
      pos_check:
        pos: noun
    - lemma: "مُنْحَرِف جِنْسِيّاً"
      enrichment:
        root: "ح-ر-ف"
      examples:
        - text: "تتعدد المقاربات النفسية في التعامل مع المُنْحَرِفِ جِنْسِيًّا لتقويم سلوكه."
          type: usage
          source: "مؤلَّف"
      pos_check:
        pos: noun
    - lemma: "شَاذّ جِنْسِيًّا"
      enrichment:
        root: "ش-ذ-ذ"
      examples:
        - text: "لا يجوز التنمر على من أظهر سلوكاً شاذًّا جنسيًّا، بل ينبغي توجيهه."
          type: usage
          source: "مؤلَّف"
      pos_check:
        pos: noun
  cultural_fit:
    assessment: native
EOF Syntax Errors: [ 'Error node: "<" at 0:0' ]
missing pgrep output
