YOLO mode is enabled. All tool calls will be automatically approved.
Loaded cached credentials.
YOLO mode is enabled. All tool calls will be automatically approved.
Attempt 1 failed: You have exhausted your capacity on this model. Your quota will reset after 0s.. Retrying after 5782ms...
Attempt 1 failed: You have exhausted your capacity on this model. Your quota will reset after 1s.. Retrying after 5466ms...
Bash command parsing error detected for command: << 'EOF' > /workspace/awn4-10036672-n.review.yaml
step0_evidence:
  per_lemma:
    - lemma: "حَلَّال الْعُقَد"
      evidence_status: "no_material_found"
      peripheral_observations:
        - "«بَكُوشِي: من (ب ك ش) نسبة إلى بَكُوش بمعنى الكثير حل العقد والكثير حل عقال البعير.» — موسوعة السلطان قابوس لأسماء العرب"
    - lemma: "فَاكّ الاشْتِبَاك"
      evidence_status: "no_material_found"

step05_lemma_generation:
  evidence_candidates: []
  knowledge_candidates:
    - lemma: "مُفَكِّك"
      justification: "اشتقاق (اسم فاعل) من الفعل (فكّك) على وزن (مُفَعِّل)، للدلالة على من يقوم بحل الأجزاء وفصلها وإزالة تشابكها."
  generation_notes: "المفهوم يدل على من يزيل التشابك (حرفياً أو مجازياً)، ولمصطلحات اللغة الإنجليزية دلالة عامة. تم اقتراح مرشح مبني على الاشتقاق القياسي."

step1_lemma_validation:
  per_lemma:
    - lemma: "حَلَّال الْعُقَد"
      decision: confirmed
      decision_reason: "تعبير إضافي مسكوك ومستعمل بكثرة (مجازاً وحقيقة) للدلالة على من يحل الأمور المستعصية ويفك التشابك."
      evidence_assessment:
        case: "no_material"
      mwe_check:
        is_mwe: true
        accepted: true
        type: "إضافي"
      substitution_test:
        result: "pass"
      nuance_differentiation: "تغلب عليها الدلالة المجازية لحل المشكلات المعقدة، بجانب الدلالة الحرفية لفك العقد المادية."
      example: "لجأت الأسرة إلى حلال العقد ليفض النزاع الدائر بينهم."
      actions: []

    - lemma: "فَاكّ الاشْتِبَاك"
      decision: confirmed
      decision_reason: "مركب إضافي مستقر، يُستعمل كثيراً في السياقات النظامية والسياسية (لفك الاشتباك بين القوات)، ويمكن سحبه على المعنى العام لإزالة التشابك."
      evidence_assessment:
        case: "no_material"
      mwe_check:
        is_mwe: true
        accepted: true
        type: "إضافي"
      substitution_test:
        result: "pass"
      nuance_differentiation: "تميل أكثر للاستعمال في سياق فض النزاعات والاشتباكات المادية أو المعنوية بين طرفين فأكثر."
      example: "تدخل فاك الاشتباك لتهدئة الأوضاع بين الخصمين."
      actions: []

    - lemma: "مُفَكِّك"
      source: step05
      decision: confirmed
      decision_reason: "مصطلح مشتق قياسياً ومستعمل للتعبير عن الذي يفكك الأشياء المتداخلة أو المركبة."
      step05_citation: "مرشح معرفي (اشتقاق)"
      substitution_test:
        result: "pass"
      nuance_differentiation: "تدل على إزالة الترابط والتشابك بشكل عام، سواء كان تركيباً ميكانيكياً أو تشابكاً عرضياً."
      example: "احتاج الفنيون إلى مفكك متخصص لفصل أجزاء الآلة المتشابكة."
      actions:
        - command: create_entry
          params:
            lemma: "مُفَكِّك"
            pos: n
        - command: add_sense
          params:
            entry_id: "{auto}"
            synset_id: "awn4-10036672-n"

  synset_flags:
    definition_review_needed: true
  added_lemmas:
    - lemma: "مُفَكِّك"
      reason: "مصدر: الخطوة ٠٫٥"
      via_command: "create_entry + add_sense"

step3_definition:
  definition_review_flag: true
  current_definition: "شخص يزيل التشابك؛ شخص يخرج شيئاً من حالة تشابك"
  assessment:
    decision: revise
    reason: "تحسين الصياغة لتتوافق مع أسلوب المعاجم العربية (استخدام 'مَنْ' بدلاً من 'شخص') وجعلها أكثر شمولاً للتشابك المادي والمعنوي."
  authored_definitions:
    - type: linguistic
      text: "مَنْ يزيل التشابك ويخرج الأشياء من حالة التعقيد والاشتباك."
      quality_check:
        genus_present: true
        differentia_present: true
        circular: false
        passed: true
  actions:
    - command: update_definition
      params:
        synset_id: "awn4-10036672-n"
        definition_index: 0
        text: "مَنْ يزيل التشابك ويخرج الأشياء من حالة التعقيد والاشتباك."

step4_relations:
  hypernymy:
    current_hypernym: "عَامِل / فَاعِل"
    test_result: "correct"
  antonymy:
    per_lemma:
      - lemma: "حَلَّال الْعُقَد"
        antonym_found: false
      - lemma: "فَاكّ الاشْتِبَاك"
        antonym_found: false
      - lemma: "مُفَكِّك"
        antonym_found: false
  verb_checks:
    applicable: false
  selectional_restrictions:
    - lemma: "حَلَّال الْعُقَد"
      constraint: "فاعل عاقل عادةً (للأشخاص)"
  actions: []

step5_enrichment:
  per_lemma:
    - lemma: "حَلَّال الْعُقَد"
      enrichment:
        root: "ح-ل-ل"
      examples:
        - text: "لجأت الأسرة إلى حلال العقد ليفض النزاع الدائر بينهم."
          type: usage
          source: "مؤلَّف"
      pos_check:
        pos: noun
    - lemma: "فَاكّ الاشْتِبَاك"
      enrichment:
        root: "ف-ك-ك"
      examples:
        - text: "تدخل فاك الاشتباك لتهدئة الأوضاع بين الخصمين."
          type: usage
          source: "مؤلَّف"
      pos_check:
        pos: noun
    - lemma: "مُفَكِّك"
      enrichment:
        root: "ف-ك-ك"
      examples:
        - text: "احتاج الفنيون إلى مفكك متخصص لفصل أجزاء الآلة المتشابكة."
          type: usage
          source: "مؤلَّف"
      pos_check:
        pos: noun
  cultural_fit:
    assessment: phraset
  actions:
    - command: add_synset_example
      params:
        synset_id: "awn4-10036672-n"
        text: "لجأت الأسرة إلى حلال العقد ليفض النزاع الدائر بينهم."
EOF Syntax Errors: [ 'Error node: "<" at 0:0' ]
missing pgrep output
Attempt 1 failed: You have exhausted your capacity on this model. Your quota will reset after 0s.. Retrying after 5364ms...
Attempt 2 failed: You have exhausted your capacity on this model. Your quota will reset after 0s.. Retrying after 10984ms...
