YOLO mode is enabled. All tool calls will be automatically approved.
Loaded cached credentials.
YOLO mode is enabled. All tool calls will be automatically approved.
Bash command parsing error detected for command: << 'EOF' > /workspace/awn4-05227735-n.review.yaml
step0_evidence:
  per_lemma:
    - lemma: "جُزْء مِنَ الجِسْم"
      evidence_status: "no_material_found"
      peripheral_observations:
        - "«الجُزْء: الْقطعَة من الشَّيْء وَمَا يتركب الشَّيْء مِنْهُ وَمن غَيره» — المعجم الوسيط"
    - lemma: "عُضْو جِسْمِيّ"
      evidence_status: "no_material_found"
      peripheral_observations:
        - "«الْعُضْو: جُزْء من مَجْمُوع الْجَسَد كَالْيَدِ وَالرجل» — المعجم الوسيط"

step05_lemma_generation:
  evidence_candidates:
    - lemma: "عُضْو"
      source_section: "step4_fts_keyword"
      evidence_citation: "«(الْعُضْو) جُزْء من مَجْمُوع الْجَسَد كَالْيَدِ وَالرجل» — المعجم الوسيط"
      justification: "كلمة أساسية تطابق تماماً مفهوم جزء الجسم."
  knowledge_candidates:
    - lemma: "جَارِحَة"
      justification: "آلية التوليد: المجاز. الجارحة من الجرح وهو الكسب، أطلقت على أعضاء الصيد ثم استعيرت لكل عضو من أعضاء الإنسان العاملة كاليد والرجل، وتستعمل في السياق التراثي للتعبير عن أجزاء الجسم."
  generation_notes: "المصطلحات المركبة الموجودة في المجموعة الأصلية تفي بالغرض كنقل مباشر لمصطلح (body part) الإنجليزي، أما الألفاظ المفردة كعضو وجارحة فقد تتقاطع مع مفاهيم فرعية أخرى (Organ)."

step1_lemma_validation:
  per_lemma:
    - lemma: "جُزْء مِنَ الجِسْم"
      decision: confirmed
      decision_reason: "ترجمة دقيقة وواضحة للمصطلح الإنجليزي (body part)، وهو تعبير مستقر في الأدبيات الطبية والعامة."
      evidence_assessment:
        case: "no_material"
      mwe_check:
        is_mwe: true
        accepted: true
      substitution_test:
        result: "pass"
      nuance_differentiation: "تعبير شامل وتحليلي يدل على أي قسم من البنية الجسدية بلا تخصيص بوظيفة معينة."
      example: "يُعَدُّ الجِلْدُ أَكْبَرَ جُزْءٍ مِنَ الجِسْمِ ومِنْ أَهَمِّ أَعْضَائِهِ."

    - lemma: "عُضْو جِسْمِيّ"
      decision: confirmed
      decision_reason: "مصطلح مركّب سليم يشير إلى الأجزاء الوظيفية في الجسم، وهو متداول في السياقات التشريحية."
      evidence_assessment:
        case: "no_material"
      mwe_check:
        is_mwe: true
        accepted: true
      substitution_test:
        result: "pass"
      nuance_differentiation: "يركز على الجانب الوظيفي والتشريحي للجزء (عضو)، بصفته كياناً يعمل ضمن منظومة الجسم."
      example: "تَتَأَثَّرُ أَيُّ عُضْوٍ جِسْمِيٍّ بِنَقْصِ التَّغْذِيَةِ السَّلِيمَةِ."

    - lemma: "عُضْو"
      source: step05
      decision: removed
      decision_reason: "كلمة (عضو) تقابل عادةً المفهوم الفرعي (organ)، وإضافتها هنا قد تسبب خلطاً دلالياً مع المجموعات الترادفية المخصصة للأعضاء المستقلة وظيفياً."
      step05_citation: "«جُزْء من مَجْمُوع الْجَسَد كَالْيَدِ وَالرجل» — المعجم الوسيط"

    - lemma: "جَارِحَة"
      source: step05
      decision: removed
      decision_reason: "الجارحة تختص بالأعضاء العاملة الكاسبة كاليد، ولا تشمل كل أجزاء الجسم كالجلد أو الأعضاء الداخلية، فهي أضيق دلالياً من المفهوم."
      step05_citation: "معرفة لغوية عامة"

step3_definition:
  definition_review_flag: false
  current_definition: "أيّ جزء من أجزاء الكائن الحيّ كعضو أو طرف"
  assessment:
    decision: retain
    reason: "التعريف دقيق وشامل ومصاغ بأسلوب معجمي سليم يوضح الماهية مع ضرب أمثلة صحيحة."

step4_relations:
  hypernymy:
    current_hypernym: "جزء من جسم طبيعيّ"
    test_result: "correct"
  verb_checks:
    applicable: false
  antonymy:
    per_lemma: []

step5_enrichment:
  per_lemma:
    - lemma: "جُزْء مِنَ الجِسْم"
      enrichment:
        root: "ج-ز-أ"
      examples:
        - text: "قَامَ الطَّبِيبُ بِتَشْرِيحِ كُلِّ جُزْءٍ مِنَ الجِسْمِ لِمَعْرِفَةِ سَبَبِ الوَفَاةِ."
          type: usage
          source: "مؤلَّف"
      pos_check:
        pos: noun
    - lemma: "عُضْو جِسْمِيّ"
      enrichment:
        root: "ع-ض-و"
      examples:
        - text: "لا يُمْكِنُ الاسْتِغْنَاءُ عَنْ أَيِّ عُضْوٍ جِسْمِيٍّ رَئِيسِيٍّ كَالقَلْبِ أَوِ الرِّئَتَيْنِ."
          type: usage
          source: "مؤلَّف"
      pos_check:
        pos: noun
  cultural_fit:
    assessment: native
EOF Syntax Errors: [ 'Error node: "<" at 0:0' ]
missing pgrep output
