YOLO mode is enabled. All tool calls will be automatically approved.
Loaded cached credentials.
YOLO mode is enabled. All tool calls will be automatically approved.
Attempt 1 failed: You have exhausted your capacity on this model. Your quota will reset after 0s.. Retrying after 5376ms...
Attempt 2 failed: You have exhausted your capacity on this model. Your quota will reset after 0s.. Retrying after 11746ms...
Attempt 3 failed: You have exhausted your capacity on this model. Your quota will reset after 0s.. Retrying after 20189ms...
Attempt 1 failed: You have exhausted your capacity on this model. Your quota will reset after 0s.. Retrying after 5817ms...
Error recording tool call interactions: request to https://cloudcode-pa.googleapis.com/v1internal:recordCodeAssistMetrics failed, reason: Client network socket disconnected before secure TLS connection was established
Bash command parsing timed out for command: << 'EOF' > /tmp/summarize_query.py
import json

with open('/tmp/query1.json', 'r') as f:
    data = json.load(f)

summary = {}
for row in data:
    hw = row['headword_norm']
    if hw not in summary:
        summary[hw] = []
    # Avoid too much text, just keep the first few definitions
    if len(summary[hw]) < 8:
        summary[hw].append({
            'headword': row['headword'],
            'dictionary_id': row['dictionary_id'],
            'def': row['definitions_text'][:200] if row['definitions_text'] else None
        })

print(json.dumps(summary, ensure_ascii=False, indent=2))
EOF
Attempt 1 failed: You have exhausted your capacity on this model. Your quota will reset after 1s.. Retrying after 5772ms...
Attempt 2 failed: You have exhausted your capacity on this model. Your quota will reset after 1s.. Retrying after 11116ms...
Attempt 3 failed: You have exhausted your capacity on this model. Your quota will reset after 1s.. Retrying after 22426ms...
Attempt 4 failed: You have exhausted your capacity on this model. Your quota will reset after 2s.. Retrying after 32249ms...
Bash command parsing error detected for command: << 'EOF' > /tmp/summarize_query_awn.py
import json

with open('/tmp/query_awn4-05675040.json', 'r') as f:
    data = json.load(f)

summary = {}
for row in data:
    hw = row['headword_norm']
    if hw not in summary:
        summary[hw] = []
    if len(summary[hw]) < 10:
        summary[hw].append({
            'headword': row['headword'],
            'dictionary_id': row['dictionary_id'],
            'def': row['definitions_text'][:300] if row['definitions_text'] else None
        })

print(json.dumps(summary, ensure_ascii=False, indent=2))
EOF Syntax Errors: [
  `Error node: "<< 'EOF' > /tmp/summarize_query_awn.py\n` +
    'import json\n' +
    '\n' +
    "with open('/tmp/query_awn4-05675040.json', 'r') as f:\n" +
    '    data = json.load(f)\n' +
    '\n' +
    'summary = {}\n' +
    'for row in data:\n' +
    "    hw = row['headword_norm']\n" +
    '    if hw not in summary:\n' +
    '        summary[hw] = []\n' +
    '    if len(summary[hw]) < 10:\n' +
    '        summary[hw].append({\n' +
    "            'headword': row['headword'],\n" +
    "            'dictionary_id': row['dictionary_id'],\n" +
    "            'def': row['definitions_text'][:300] if row['definitions_text'] else None\n" +
    '        })\n' +
    '\n' +
    'print(json.dumps(summary, ensure_ascii=False, indent=2))\n' +
    'EOF" at 0:0',
  'Error node: "open" at 3:5',
  'Missing node: "" at 3:47',
  'Missing node: "" at 4:20',
  'Error node: "\n" at 7:16',
  'Error node: "\n" at 8:29',
  'Error node: "\n" at 9:25',
  'Error node: "\n" at 10:24',
  'Error node: "(" at 11:10',
  'Error node: ") <" at 11:22',
  'Error node: "\n" at 11:29',
  `Error node: "({\n            'headword':" at 12:26`,
  'Error node: "\n" at 13:40',
  'Error node: "\n" at 14:50',
  'Error node: "\n        })\n\nprint(" at 15:85',
  'Error node: "(" at 18:16'
]
Attempt 1 failed: You have exhausted your capacity on this model. Your quota will reset after 0s.. Retrying after 5665ms...
Attempt 1 failed: You have exhausted your capacity on this model. Your quota will reset after 0s.. Retrying after 5340ms...
Error executing tool write_file: params must have required property 'file_path'
Attempt 1 failed: You have exhausted your capacity on this model. Your quota will reset after 2s.. Retrying after 5932ms...
Attempt 2 failed: You have exhausted your capacity on this model. Your quota will reset after 1s.. Retrying after 11704ms...
