YOLO mode is enabled. All tool calls will be automatically approved.
Loaded cached credentials.
YOLO mode is enabled. All tool calls will be automatically approved.
Attempt 1 failed: You have exhausted your capacity on this model.. Retrying after 10870ms...
Attempt 2 failed: You have exhausted your capacity on this model. Your quota will reset after 0s.. Retrying after 21805ms...
Attempt 1 failed: You have exhausted your capacity on this model. Your quota will reset after 0s.. Retrying after 5959ms...
Attempt 1 failed: You have exhausted your capacity on this model. Your quota will reset after 0s.. Retrying after 5644ms...
Attempt 2 failed: You have exhausted your capacity on this model. Your quota will reset after 0s.. Retrying after 11226ms...
Attempt 3 failed: You have exhausted your capacity on this model. Your quota will reset after 0s.. Retrying after 22157ms...
Attempt 1 failed: You have exhausted your capacity on this model. Your quota will reset after 0s.. Retrying after 5631ms...
Attempt 2 failed: You have exhausted your capacity on this model. Your quota will reset after 0s.. Retrying after 11430ms...
Attempt 3 failed: You have exhausted your capacity on this model. Your quota will reset after 0s.. Retrying after 23766ms...
Attempt 4 failed: You have exhausted your capacity on this model. Your quota will reset after 0s.. Retrying after 31410ms...
Bash command parsing error detected for command: # I cannot search other synsets directly easily without the full AWN DB, which is not provided as a sqlite DB here (only the dictionary is). 
# But I can check the synonyms in the dictionary results.
# The dictionary says "شيء" is "اسم لجميع المكونات".
# I'll keep it but note the concern.
 Syntax Errors: []
missing pgrep output
Attempt 1 failed: You have exhausted your capacity on this model. Your quota will reset after 1s.. Retrying after 5468ms...
Attempt 2 failed: You have exhausted your capacity on this model. Your quota will reset after 1s.. Retrying after 11335ms...
