YOLO mode is enabled. All tool calls will be automatically approved.
Loaded cached credentials.
YOLO mode is enabled. All tool calls will be automatically approved.
Bash command parsing error detected for command: << 'EOF' > /workspace/awn4-09371357-n.review.yaml
step0_evidence:
  per_lemma:
    - lemma: "كتلة جبلية"
      confirm:
        - text: "«كتلة جبلية» — المعجم الموحد لمصطلحات الجيولوجيا"
          source: "المعجم الموحد لمصطلحات الجيولوجيا"
        - text: "«كتلة (جبلية)» — مسرد الجغرافيا والتاريخ"
          source: "مسرد الجغرافيا والتاريخ"
    - lemma: "ماسيف"
      evidence_status: "no_material_found"

step05_lemma_generation:
  evidence_candidates:
    - lemma: "مَسِّيف"
      source_section: "step5_english_bridge"
      evidence_citation: "«المَسِّيف: الجزء الرئيسي أو المركزي من سلسلة جبال. منطقة من قشرة الأرض تحدها صدوع» — المورد الحديث"
      justification: "تعريب مباشر للمصطلح الأجنبي موثق في المعاجم ثنائية اللغة."
    - lemma: "نَجْد"
      source_section: "step5_english_bridge"
      evidence_citation: "«نجد متوسط / نجد متحول / نجد رسوبي» — المعجم الموحد لمصطلحات الجيولوجيا"
      justification: "استخدام مجازي لمصطلح النجد (المكان المرتفع) للتعبير عن الكتلة الجبلية في السياقات الجيولوجية المتخصصة."
  knowledge_candidates:
    - lemma: "كتلة صَدْعِيَّة"
      justification: "تركيب وصفي: مصطلح يركز على الجانب الجيولوجي المتمثل في كون الكتلة الجبلية محددة بصدوع (فوالق)."

step1_lemma_validation:
  per_lemma:
    - lemma: "كتلة جبلية"
      decision: confirmed
      decision_reason: "مصطلح علمي مستقر وموثق في المعاجم المتخصصة، يعبر بدقة عن المفهوم."
      evidence_assessment:
        case: "confirm_only"
      mwe_check:
        is_mwe: true
        accepted: true
      substitution_test:
        result: "pass"
      nuance_differentiation: "المصطلح العربي الأصيل والأكثر شيوعاً للتعبير عن المفهوم الجيولوجي."
      example: "تشكلت هذه السلسلة من كتلة جبلية قديمة تعرضت للطي والتصدع."
    - lemma: "ماسيف"
      decision: removed
      decision_reason: "لفظ أجنبي دخيل (Massif) لم يخضع لقواعد التعريب، وغير مدون في المعاجم بهذه الصيغة (المدون هو مَسِّيف). يكتفى بالمصطلح العربي الواضح (كتلة جبلية)."
      evidence_assessment:
        case: "no_material"
      mwe_check:
        is_mwe: false
        accepted: false
      substitution_test:
        result: "fail"
      nuance_differentiation: "نقل حرفي للفظ الأجنبي."
      actions:
        - command: remove_sense
          params:
            sense_id: "{auto}"
    - lemma: "مَسِّيف"
      source: step05
      decision: confirmed
      decision_reason: "لفظ معرب على وزن (فِعِّيل) موثق في المعاجم (المورد الحديث) كمرادف دقيق للمفهوم الجيولوجي."
      step05_citation: "«المَسِّيف: الجزء الرئيسي أو المركزي من سلسلة جبال. منطقة من قشرة الأرض تحدها صدوع» — المورد الحديث"
      substitution_test:
        result: "pass"
      nuance_differentiation: "اللفظ المعرب المقابل للمصطلح الأجنبي، يستخدم في بعض السياقات الجيولوجية المترجمة."
      example: "يعتبر مسيف الألب من أشهر الكتل الجبلية في أوروبا."
      actions:
        - command: create_entry
          params:
            lemma: "مَسِّيف"
            pos: n
        - command: add_sense
          params:
            entry_id: "{auto}"
            synset_id: "awn4-09371357-n"
  added_lemmas:
    - lemma: "مَسِّيف"
      reason: "مصدر: الخطوة ٠٫٥"
      via_command: create_entry + add_sense

step3_definition:
  definition_review_flag: false
  current_definition: "كتلة من قشرة الأرض محاطة بفوالق وتحركت لتشكل قمم سلسلة جبلية"
  assessment:
    decision: retain
    reason: "التعريف دقيق علمياً ويعبر عن المفهوم الجيولوجي بوضوح ويطابق دلالة المصطلح الإنجليزي."

step4_relations:
  hypernymy:
    current_hypernym: "تكوين جيولوجي"
    test_result: "correct"
  antonymy:
    per_lemma:
      - lemma: "كتلة جبلية"
        antonym_found: false
      - lemma: "مَسِّيف"
        antonym_found: false
  verb_checks:
    applicable: false
  selectional_restrictions:
    - lemma: "كتلة جبلية"
      constraint: "يوصف بها التضاريس والتكوينات الجيولوجية الضخمة"

step5_enrichment:
  per_lemma:
    - lemma: "كتلة جبلية"
      enrichment:
        root: "كتل"
      examples:
        - text: "تحيط الفوالق بالكتلة الجبلية من عدة جهات مما أدى إلى بروزها."
          type: usage
          source: "مؤلَّف"
      pos_check:
        pos: noun
    - lemma: "مَسِّيف"
      enrichment:
        etymology: "loanword"
      examples:
        - text: "يتميز المسيف بصلابة صخوره مقارنة بالطبقات الرسوبية المحيطة به."
          type: usage
          source: "مؤلَّف"
      pos_check:
        pos: noun
  cultural_fit:
    assessment: native
EOF Syntax Errors: [ 'Error node: "<" at 0:0' ]
missing pgrep output
