YOLO mode is enabled. All tool calls will be automatically approved.
Loaded cached credentials.
YOLO mode is enabled. All tool calls will be automatically approved.
Error executing tool read_file: File not found.
Attempt 1 failed: You have exhausted your capacity on this model. Your quota will reset after 0s.. Retrying after 5257ms...
Attempt 1 failed: You have exhausted your capacity on this model. Your quota will reset after 1s.. Retrying after 5563ms...
Bash command parsing error detected for command: << 'EOF' > /workspace/awn4-10167139-n.review.yaml
step0_evidence:
  per_lemma:
    - lemma: "مُتَأَوِّه"
      evidence_status: "no_material_found"
      peripheral_observations:
        - "وردت بصيغة اسم الفاعل ضمن شواهد بعض المعاجم كالمعجم الوسيط: «ويقال: فلان متأوِّه متأوِّه» تحت مادة (تأوه)."

step05_lemma_generation:
  evidence_candidates:
    - lemma: "أَنَّان"
      source_section: "step4_fts_keyword"
      evidence_citation: "«الأَنَّانُ: الكثير الأنين» — المعجم الكبير"
      justification: "اشتقاق: صيغة مبالغة (فَعَّال) من الفعل (أنَّ)، وتطابق تماماً معنى الشخص الذي يئن."
  knowledge_candidates:
    - lemma: "شَاكٍ"
      justification: "اشتقاق: اسم فاعل من الفعل (شكا)، ويُستخدم لوصف من يكثر الشكوى والتذمر والأنين."
  generation_notes: "صيغة المبالغة (أنّان) أدق في الدلالة على كثرة الأنين من اسم الفاعل (متأوّه)."

step1_lemma_validation:
  per_lemma:
    - lemma: "مُتَأَوِّه"
      decision: confirmed
      decision_reason: "اسم فاعل قياسي من الفعل (تأوّه)، مستعمل للتعبير عمن يُصدر آهات التوجع أو التألم، ويؤدي المعنى بدقة."
      evidence_assessment:
        case: "no_material"
      substitution_test:
        result: "pass"
      nuance_differentiation: "تدل على حدوث التأوه من الشخص ولو لمرة واحدة أو بشكل عارض، فهي تفيد مجرد حدوث الفعل."
      example: "جلس المريض متأوهاً من شدة الألم طوال الليل."

    - lemma: "أَنَّان"
      source: step05
      decision: confirmed
      decision_reason: "صيغة مبالغة قياسية من (أنّ)، شائعة وموثقة معجمياً للتعبير عمن يكثر منه الأنين والتوجع."
      step05_citation: "«الأَنَّانُ: الكثير الأنين» — المعجم الكبير"
      substitution_test:
        result: "pass"
      nuance_differentiation: "صيغة مبالغة تفيد كثرة الأنين واعتياده مقارنة بـ (متأوّه) التي تفيد مجرد إحداث الفعل."
      example: "كان المريض أنَّاناً لا ينقطع صوته حتى بزغ الفجر."
      actions:
        - command: create_entry
          params:
            lemma: "أَنَّان"
            pos: n
        - command: add_sense
          params:
            entry_id: "{auto}"
            synset_id: "awn4-10167139-n"

  synset_flags:
    definition_review_needed: true
  added_lemmas:
    - lemma: "أَنَّان"
      reason: "مصدر: الخطوة ٠٫٥"
      via_command: create_entry + add_sense

step3_definition:
  definition_review_flag: true
  current_definition: "شخص يئن"
  assessment:
    decision: revise
    reason: "التعريف الحالي مقتضب جداً؛ يحتاج إلى تفصيل يوضح سبب الأنين وطبيعته كالتعبير عن الألم أو التعب."
  authored_definitions:
    - type: terminological
      text: "شخص يُصدر أنيناً أو تأوهات تعبيراً عن الألم أو التعب أو الضيق."
      quality_check:
        genus_present: true
        differentia_present: true
        circular: false
        passed: true
  actions:
    - command: update_definition
      params:
        synset_id: "awn4-10167139-n"
        definition_index: 0
        text: "شخص يُصدر أنيناً أو تأوهات تعبيراً عن الألم أو التعب أو الضيق."

step4_relations:
  hypernymy:
    current_hypernym: "عَامِل"
    test_result: "needs_closer"
  antonymy:
    per_lemma: []
  verb_checks:
    applicable: false
  selectional_restrictions:
    - lemma: "مُتَأَوِّه"
      constraint: "عاقل"
    - lemma: "أَنَّان"
      constraint: "عاقل"

step5_enrichment:
  per_lemma:
    - lemma: "مُتَأَوِّه"
      enrichment:
        root: "أ-و-ه"
      examples:
        - text: "بقي المريض متأوهاً في سريره حتى غلبه النعاس."
          type: usage
          source: "مؤلَّف"
      pos_check:
        pos: noun
    - lemma: "أَنَّان"
      enrichment:
        root: "أ-ن-ن"
      examples:
        - text: "عُرف بين أقرانه بأنه أنَّانٌ يكثر من الشكوى لأقل تعب."
          type: usage
          source: "مؤلَّف"
      pos_check:
        pos: noun
  cultural_fit:
    assessment: native
  actions:
    - command: add_synset_example
      params:
        synset_id: "awn4-10167139-n"
        text: "بقي المريض متأوهاً في سريره حتى غلبه النعاس."
    - command: add_synset_example
      params:
        synset_id: "awn4-10167139-n"
        text: "عُرف بين أقرانه بأنه أنَّانٌ يكثر من الشكوى لأقل تعب."
EOF Syntax Errors: [ 'Error node: "<" at 0:0' ]
missing pgrep output
