YOLO mode is enabled. All tool calls will be automatically approved.
Loaded cached credentials.
YOLO mode is enabled. All tool calls will be automatically approved.
Attempt 1 failed: You have exhausted your capacity on this model.. Retrying after 11047ms...
Error executing tool read_line: Tool "read_line" not found. Did you mean one of: "read_file", "replace", "write_file"?
Attempt 1 failed: You have exhausted your capacity on this model.. Retrying after 10848ms...
Attempt 2 failed: You have exhausted your capacity on this model. Your quota will reset after 0s.. Retrying after 20248ms...
Attempt 3 failed: You have exhausted your capacity on this model. Your quota will reset after 0s.. Retrying after 30565ms...
Attempt 1 failed: You have exhausted your capacity on this model.. Retrying after 10948ms...
Attempt 2 failed: You have exhausted your capacity on this model. Your quota will reset after 0s.. Retrying after 22201ms...
Attempt 3 failed: You have exhausted your capacity on this model. Your quota will reset after 1s.. Retrying after 34075ms...
Attempt 1 failed: You have exhausted your capacity on this model. Your quota will reset after 1s.. Retrying after 5997ms...
Attempt 2 failed: You have exhausted your capacity on this model. Your quota will reset after 0s.. Retrying after 10787ms...
Attempt 3 failed: You have exhausted your capacity on this model. Your quota will reset after 0s.. Retrying after 23833ms...
Attempt 1 failed: You have exhausted your capacity on this model. Your quota will reset after 0s.. Retrying after 5185ms...
Attempt 2 failed: You have exhausted your capacity on this model. Your quota will reset after 0s.. Retrying after 11751ms...
Attempt 3 failed: You have exhausted your capacity on this model. Your quota will reset after 1s.. Retrying after 22781ms...
Attempt 4 failed: You have exhausted your capacity on this model. Your quota will reset after 1s.. Retrying after 33589ms...
Attempt 5 failed: You have exhausted your capacity on this model. Your quota will reset after 0s.. Retrying after 35725ms...
Attempt 1 failed: You have exhausted your capacity on this model. Your quota will reset after 1s.. Retrying after 5381ms...
