YOLO mode is enabled. All tool calls will be automatically approved.
Loaded cached credentials.
YOLO mode is enabled. All tool calls will be automatically approved.
Bash command parsing error detected for command: << 'EOF' > /workspace/awn4-10155229-n.review.yaml
step0_evidence:
  per_lemma:
    - lemma: "طَمُوح"
      confirm:
        - text: "«طَمُوح [مفرد]: ... شاب/ فتاة طَمُوح»"
          source: "معجم اللغة العربية المعاصرة لأحمد مختار عمر"
        - text: "«متطلع إلى تحقيق هدف بعيد ... رجلٌ طَمُوحٌ»"
          source: "معجم الصواب اللغوي لأحمد مختار عمر"
      expands:
        - text: "«التَّطَلُّعُ إلى غايةٍ أسمى»"
          source: "المعجم الكبير"
          addition: "أورد المعنى كمصدر (ambition) وليس كصفة أو اسم فاعل للمرء."
    - lemma: "مُثَابِر"
      evidence_status: "no_material_found"

step05_lemma_generation:
  evidence_candidates:
    - lemma: "مِقْدَام"
      source_section: "step4_fts_keyword"
      evidence_citation: "«(1) دافع (2) مقدام؛ طَموح؛ مغامر» — المورد الحديث"
      justification: "وردت في المعاجم الثنائية كمرادف لصفات قريبة من مفهوم go-getter مثل pushing و enterprising."
  knowledge_candidates:
    - lemma: "مُبَادِر"
      justification: "اشتقاق: اسم فاعل من 'بادر'؛ تُطلق في السياق الإداري والمهني المعاصر على الشخص الذي يمتلك زمام المبادرة وينجز الأعمال بنشاط قبل غيره (proactive)."
    - lemma: "شُعْلَة نَشَاط"
      justification: "مجاز وتركيب إضافي: تعبير اصطلاحي مستقر في الاستعمال لوصف الشخص مفرط الحيوية والنشاط، وهو المعادل الدقيق لـ ball of fire."

step1_lemma_validation:
  per_lemma:
    - lemma: "طَمُوح"
      decision: confirmed
      decision_reason: "مصطلح فصيح ومستعمل بكثرة في السياق المعاصر لوصف الشخص عالي الهمة الذي يسعى للترقي."
      evidence_assessment:
        case: "confirm"
      substitution_test:
        result: "pass"
      nuance_differentiation: "يركز على التطلع الداخلي والرغبة الشديدة في بلوغ المراتب العليا."
      example: "أثبت أنه موظف طموح ينجز مهامه بكفاءة ليرتقي في السلم الوظيفي."
    - lemma: "مُثَابِر"
      decision: confirmed
      decision_reason: "كلمة فصيحة تعبر عن الاستمرار في العمل بجد، وهي من صفات الشخص المنجز عالي الهمة."
      evidence_assessment:
        case: "no_material"
      substitution_test:
        result: "pass"
      nuance_differentiation: "يركز على الاستمرارية وعدم الاستسلام أمام الصعاب، أكثر من تركيزه على سرعة التقدم أو التطلع."
      example: "نجح في مشروعه لأنه باحث مثابر لا يعرف اليأس."
    - lemma: "مُبَادِر"
      source: step05
      decision: confirmed
      decision_reason: "مصطلح معاصر يعبر بدقة عن صفة الـ go-getter في السياق المهني ويطابق التعريف."
      step05_citation: "معرفة لغوية واستعمال مهني معاصر."
      substitution_test:
        result: "pass"
      nuance_differentiation: "يركز على أخذ زمام المبادرة والبدء بالعمل قبل أن يُطلب منه."
      example: "نبحث عن موظف مبادر يبتكر الحلول ولا ينتظر التوجيهات."
      actions:
        - command: create_entry
          params:
            lemma: "مُبَادِر"
            pos: n
        - command: add_sense
          params:
            entry_id: "{auto}"
            synset_id: "awn4-10155229-n"
    - lemma: "شُعْلَة نَشَاط"
      source: step05
      decision: confirmed
      decision_reason: "تعبير مجازي مسكوك يطابق تماماً معنى ball of fire ويدل على الحيوية الفائقة."
      step05_citation: "معرفة لغوية."
      mwe_check:
        is_mwe: true
        accepted: true
      substitution_test:
        result: "pass"
      nuance_differentiation: "يركز على الحيوية الجسدية والذهنية المفرطة والطاقة المتوقدة."
      example: "كان الشاب شعلة نشاط في القسم، ينجز مهاماً تفوق طاقته."
      actions:
        - command: create_entry
          params:
            lemma: "شُعْلَة نَشَاط"
            pos: n
        - command: add_sense
          params:
            entry_id: "{auto}"
            synset_id: "awn4-10155229-n"
    - lemma: "مِقْدَام"
      source: step05
      decision: removed
      decision_reason: "ارتباطها الأصلي بالشجاعة في الحروب والإقدام على المخاطر يجعلها أبعد عن المعنى المهني أو الوظيفي البحت."
      step05_citation: "المورد الحديث"
  added_lemmas:
    - lemma: "مُبَادِر"
      reason: "مصدر: الخطوة ٠٫٥"
      via_command: "create_entry + add_sense"
    - lemma: "شُعْلَة نَشَاط"
      reason: "مصدر: الخطوة ٠٫٥"
      via_command: "create_entry + add_sense"

step3_definition:
  assessment:
    decision: retain
    reason: "التعريف يعبر بوضوح عن المعنى المقصود (التقدم المهني السريع والهمة العالية)."

step4_relations:
  hypernymy:
    test_result: "correct"
  antonymy:
    per_lemma:
      - lemma: "طَمُوح"
        antonym_found: false
      - lemma: "مُثَابِر"
        antonym_found: false
  verb_checks:
    applicable: false

step5_enrichment:
  per_lemma:
    - lemma: "طَمُوح"
      enrichment:
        root: "طمح"
      examples:
        - text: "أثبت أنه موظف طموح ينجز مهامه بكفاءة ليرتقي في السلم الوظيفي."
          type: usage
          source: "مؤلَّف"
      pos_check:
        pos: noun
    - lemma: "مُثَابِر"
      enrichment:
        root: "ثبر"
      examples:
        - text: "نجح في مشروعه لأنه باحث مثابر لا يعرف اليأس."
          type: usage
          source: "مؤلَّف"
      pos_check:
        pos: noun
    - lemma: "مُبَادِر"
      enrichment:
        root: "بدر"
      examples:
        - text: "نبحث عن موظف مبادر يبتكر الحلول ولا ينتظر التوجيهات."
          type: usage
          source: "مؤلَّف"
      pos_check:
        pos: noun
    - lemma: "شُعْلَة نَشَاط"
      enrichment:
        figurative_relation: "metaphor"
      examples:
        - text: "كان الشاب شعلة نشاط في القسم، ينجز مهاماً تفوق طاقته."
          type: usage
          source: "مؤلَّف"
      pos_check:
        pos: noun
  cultural_fit:
    assessment: native
  actions:
    - command: add_synset_example
      params:
        synset_id: "awn4-10155229-n"
        text: "نبحث عن شاب طموح ومبادر ليتولى إدارة المشروع."
EOF Syntax Errors: [ 'Error node: "<" at 0:0' ]
missing pgrep output
