YOLO mode is enabled. All tool calls will be automatically approved.
Loaded cached credentials.
YOLO mode is enabled. All tool calls will be automatically approved.
Attempt 1 failed: You have exhausted your capacity on this model. Your quota will reset after 0s.. Retrying after 5408ms...
Error executing tool read_file: File not found.
Attempt 1 failed: You have exhausted your capacity on this model. Your quota will reset after 1s.. Retrying after 5505ms...
Bash command parsing error detected for command: << 'EOF' > /workspace/awn4-09834481-n.review.yaml
step0_evidence:
  per_lemma:
    - lemma: "مُخَمَّن"
      expands:
        - text: "«(2) غير مثمَّن أو مُخمَّن an unvalued jewel»"
          source: "المورد الحديث (2008)"
          addition: "يؤكد المعنى كاسم مفعول للأشياء المُقدَّرة قيمتها، ولم يرد كاسم ذات دال على الشخص."
    - lemma: "مُقَيَّم"
      expands:
        - text: "«ATE إختصار؛ الدليل المُقَيَّمِ للتحمّلِ الحراريِ (assessed thermal endurance index)»"
          source: "موسوعة الكهرباء (IEC 60050)"
          addition: "يؤكد الاستعمال كاسم مفعول للشيء الذي حُددت قيمته، ولم يرد كاسم ذات."

step05_lemma_generation:
  evidence_candidates:
    - lemma: "مُكَلَّف"
      source_section: "step5_english_bridge"
      evidence_citation: "«المُكَلَّف: دافع الضَّرائب. (taxpayer)» — المورد الحديث (2008)"
      justification: "بآلية الإزاحة الدلالية والتخصيص: 'المُكَلَّف' هو المصطلح القانوني والإداري المستقر للتعبير عن الشخص الخاضع للتقييم الضريبي (assessee)."
  knowledge_candidates:
    - lemma: "مُقَدَّر"
      justification: "بآلية الاشتقاق (اسم المفعول): يُستعمل لغوياً ومالياً للدلالة على الممتلكات أو القيمة التي تم احتسابها، مثل 'القيمة المقدرة'."
  generation_notes: "المجموعة الترادفية تجمع بين 'الشخص' و'الممتلكات'. اسم المفعول (مخمن/مقيم) يناسب الممتلكات، بينما (مكلف) يناسب الشخص."

step1_lemma_validation:
  per_lemma:
    - lemma: "مُخَمَّن"
      decision: confirmed
      decision_reason: "اسم مفعول فصيح ومستعمل في السياقات المالية والعقارية للدلالة على الممتلكات التي قُدّرت قيمتها، ويطابق شق 'الممتلكات' في التعريف."
      evidence_assessment:
        case: "expands_only"
      substitution_test:
        result: "pass"
      nuance_differentiation: "يميل إلى الدلالة على التقدير التقريبي لقيمة الأشياء أو العقارات (تخمين)."
      example: "يُحسب الرسم المالي بناءً على السعر المُخَمَّن للعقار."
    - lemma: "مُقَيَّم"
      decision: confirmed
      decision_reason: "اسم مفعول شائع الاستعمال من الفعل (قيّم) للدلالة على ما خضع للتقييم المالي أو الموضوعي."
      evidence_assessment:
        case: "expands_only"
      substitution_test:
        result: "pass"
      nuance_differentiation: "أوسع دلالة وأكثر دقة من (مخمَّن)، إذ يشير إلى التقييم المنهجي."
      example: "قدم الخبير تقريراً عن حجم الأضرار في المبنى المُقَيَّم."
    - lemma: "مُكَلَّف"
      source: step05
      decision: confirmed
      decision_reason: "مصطلح قانوني وإداري مستقر يغطي الشق الأول من التعريف (الشخص الذي يتم تقييمه ضريبياً/مالياً)."
      step05_citation: "«المُكَلَّف: دافع الضَّرائب.» — المورد الحديث"
      substitution_test:
        result: "pass"
      nuance_differentiation: "يختص بالدلالة على 'الشخص' الخاضع للتقييم المالي والالتزام الضريبي، بخلاف (مخمَّن/مقيَّم) التي تختص بالأشياء."
      example: "يحق للمُكَلَّف الاعتراض على التقدير الذي أجرته لجنة الضرائب."
      actions:
        - command: create_entry
          params:
            lemma: "مُكَلَّف"
            pos: n
        - command: add_sense
          params:
            entry_id: "{auto}"
            synset_id: "awn4-09834481-n"
  synset_flags:
    definition_review_needed: true
  added_lemmas:
    - lemma: "مُكَلَّف"
      reason: "مصدر: الخطوة ٠٫٥"
      via_command: "create_entry + add_sense"

step3_definition:
  definition_review_flag: true
  current_definition: "شخص (أو ممتلكات) يتم تقييمه"
  assessment:
    decision: revise
    reason: "التعريف الأصلي عبارة عن ترجمة حرفية ركيكة (يتم تقييمه)، والأفضل صياغته بأسلوب عربي سليم يشمل الأشخاص والأعيان."
  authored_definitions:
    - type: terminological
      text: "شخص أو عين من الممتلكات خضعت لتقدير قيمتها، لا سيما لغرض فرض الضرائب أو الرسوم."
      quality_check:
        genus_present: true
        differentia_present: true
        circular: false
        passed: true
  actions:
    - command: update_definition
      params:
        synset_id: "awn4-09834481-n"
        definition_index: 0
        text: "شخص أو عين من الممتلكات خضعت لتقدير قيمتها، لا سيما لغرض فرض الضرائب أو الرسوم."

step4_relations:
  hypernymy:
    current_hypernym: "عامل، فاعل (شخص يعمل ويُنجِز الأمور)"
    test_result: "correct"
  antonymy:
    per_lemma:
      - lemma: "مُخَمَّن"
        antonym_found: false
      - lemma: "مُقَيَّم"
        antonym_found: false
      - lemma: "مُكَلَّف"
        antonym_found: false
  verb_checks:
    applicable: false
  selectional_restrictions:
    - lemma: "مُكَلَّف"
      constraint: "يشترط أن يكون عاقلاً (شخصاً طبيعياً أو اعتبارياً)."
    - lemma: "مُخَمَّن"
      constraint: "يشترط أن يكون غير عاقل (ممتلكات أو أشياء)."
    - lemma: "مُقَيَّم"
      constraint: "يشترط أن يكون غير عاقل (ممتلكات أو أشياء)."

step5_enrichment:
  per_lemma:
    - lemma: "مُخَمَّن"
      enrichment:
        root: "خ-م-ن"
      examples:
        - text: "يُحسب الرسم المالي بناءً على السعر المُخَمَّن للعقار."
          type: usage
          source: "مؤلَّف"
      pos_check:
        pos: noun
    - lemma: "مُقَيَّم"
      enrichment:
        root: "ق-و-م"
      examples:
        - text: "قدم الخبير تقريراً عن حجم الأضرار في المبنى المُقَيَّم."
          type: usage
          source: "مؤلَّف"
      pos_check:
        pos: noun
    - lemma: "مُكَلَّف"
      enrichment:
        root: "ك-ل-ف"
      examples:
        - text: "يحق للمُكَلَّف الاعتراض على التقدير الذي أجرته لجنة الضرائب."
          type: usage
          source: "مؤلَّف"
      pos_check:
        pos: noun
  cultural_fit:
    assessment: native
  actions:
    - command: add_synset_example
      params:
        synset_id: "awn4-09834481-n"
        text: "يحق للمُكَلَّف الاعتراض على التقدير الذي أجرته لجنة الضرائب."
    - command: add_synset_example
      params:
        synset_id: "awn4-09834481-n"
        text: "يُحسب الرسم المالي بناءً على السعر المُخَمَّن للعقار."
EOF Syntax Errors: [ 'Error node: "<" at 0:0' ]
missing pgrep output
