YOLO mode is enabled. All tool calls will be automatically approved.
Loaded cached credentials.
YOLO mode is enabled. All tool calls will be automatically approved.
Error executing tool read_file: File not found.
Bash command parsing error detected for command: << 'EOF' > /workspace/awn4-09925902-n.review.yaml
step0_evidence:
  per_lemma:
    - lemma: "حِرْبَاء"
      confirm:
        - text: "«رجلٌ حِرْباء : يتلَوَّنُ كَتَلَوُّنِ الحِرْباء»"
          source: "المعجم الكبير"
        - text: "«ويضرب بها المثل في الحزم والتلون فيقال ... (تلون تلون الحرباء)»"
          source: "المعجم الوسيط لمجموعة من المؤلفين"
    - lemma: "مُتَلَوِّن"
      confirm:
        - text: "«المتلوِّن: شخص متقلّب أو مُتَلَوِّن.»"
          source: "المورد الحديث"
      expands:
        - text: "«متلون: قماش تافتاه يتميز بتأثيرات لونية مختلفة.»"
          source: "مسرد صناعة النسيج، المنظمة العربية للتربية والثقافة والعلوم"

step05_lemma_generation:
  evidence_candidates:
    - lemma: "مُتَقَلِّب"
      source_section: "step5_english_bridge"
      evidence_citation: "«متقلّب؛ متلوِّن: متَّخذٌ بسرعة أشكالًا أو أدوارًا مختلفة.» — المورد الحديث"
      justification: "كلمة شائعة تدل بشكل مباشر على الشخص غير الثابت على حال واحدة، وتطابق المعنى المراد تماماً."
  knowledge_candidates:
    - lemma: "ذُو وَجْهَيْن"
      justification: "تركيب وصفي مجازي متعارف عليه للتعبير عن الشخص المتقلب في تعامله ومواقفه (النفاق)، ويشابه معنى التلون."
  generation_notes: "تم استخراج 'متقلب' كمرادف مباشر ومستخدم بكثرة."

step1_lemma_validation:
  per_lemma:
    - lemma: "حِرْبَاء"
      decision: confirmed
      decision_reason: "كلمة تستخدم مجازاً في العربية للتعبير عن الشخص المتقلب الذي يغير مبادئه حسب مصلحته، وقد وثقتها المعاجم."
      evidence_assessment:
        case: "confirm_only"
      substitution_test:
        result: "pass"
      nuance_differentiation: "تستخدم مجازاً بصيغة التشبيه للتأكيد على شدة التلون وتغيير المواقف حسب البيئة والظروف."
      example: "لا تثق بوعوده فإنه حرباء يغير ولاءه حسب مصلحته الشخصية."
    - lemma: "مُتَلَوِّن"
      decision: confirmed
      decision_reason: "مصطلح عربي فصيح يدل صراحة على التغير وعدم الثبات في المواقف."
      evidence_assessment:
        case: "mixed"
      substitution_test:
        result: "pass"
      nuance_differentiation: "تركز على التغير والتبدل المستمر في المواقف والآراء، وغالباً ما تحمل دلالة الانتهازية والنفاق."
      example: "تجنب التعامل مع الشخص المتلون الذي يوافقك اليوم ويعارضك غداً."
    - lemma: "مُتَقَلِّب"
      source: step05
      decision: confirmed
      decision_reason: "صفة دقيقة ومعتمدة معجمياً تدل على عدم الثبات والتقلب في الآراء والمزاج."
      step05_citation: "«متقلّب؛ متلوِّن: متَّخذٌ بسرعة أشكالًا أو أدوارًا مختلفة.» — المورد الحديث"
      substitution_test:
        result: "pass"
      nuance_differentiation: "أشمل من المتلون، حيث يمكن أن يكون التقلب في المزاج والطباع والآراء، ولا يرتبط بالضرورة بالمصلحة أو الانتهازية."
      example: "هو رجل متقلب لا يثبت على رأي واحد لفترة طويلة."
      actions:
        - command: create_entry
          params:
            lemma: "مُتَقَلِّب"
            pos: n
        - command: add_sense
          params:
            entry_id: "{auto}"
            synset_id: "awn4-09925902-n"
    - lemma: "ذُو وَجْهَيْن"
      source: step05
      decision: removed
      decision_reason: "تركيب وصفي مجازي، ويميل إلى معنى النفاق والمخادعة أكثر من مجرد عدم الثبات والتقلب."
      step05_citation: "مؤلف"
  added_lemmas:
    - lemma: "مُتَقَلِّب"
      reason: "مصدر: الخطوة ٠٫٥"
      via_command: "create_entry + add_sense"

step3_definition:
  definition_review_flag: false
  current_definition: "شخص متقلب أو غير ثابت"
  assessment:
    decision: retain
    reason: "التعريف دقيق وواضح ويغطي المعنى المقصود بشكل كامل."

step4_relations:
  hypernymy:
    current_hypernym: "شخص يعمل ويُنجِز الأمور"
    test_result: "wrong"
  antonymy:
    per_lemma:
      - lemma: "مُتَقَلِّب"
        antonym_found: true
        antonym: "ثَابِت"
      - lemma: "مُتَلَوِّن"
        antonym_found: true
        antonym: "مُسْتَقِيم"
  verb_checks:
    applicable: false
  selectional_restrictions:
    - lemma: "حِرْبَاء"
      constraint: "فاعل عاقل (للمعنى المجازي)"

step5_enrichment:
  per_lemma:
    - lemma: "حِرْبَاء"
      enrichment:
        root: "ح-ر-ب"
        figurative_relation: "metaphor"
      examples:
        - text: "ابتعد عن هذا الرجل فهو حرباء يتغير مع كل موقف جديد."
          type: usage
          source: "مؤلف"
      pos_check:
        pos: noun
    - lemma: "مُتَلَوِّن"
      enrichment:
        root: "ل-و-ن"
      examples:
        - text: "السياسي المتلون سرعان ما يخسر ثقة جمهوره لعدم ثباته على مبدأ."
          type: usage
          source: "مؤلف"
      pos_check:
        pos: noun
    - lemma: "مُتَقَلِّب"
      enrichment:
        root: "ق-ل-ب"
      examples:
        - text: "لا تبنِ خططك المستقبلية على وعود إنسان متقلب."
          type: usage
          source: "مؤلف"
      pos_check:
        pos: noun
  cultural_fit:
    assessment: native
EOF Syntax Errors: [ 'Error node: "<" at 0:0' ]
missing pgrep output
